ARM GAS  /tmp/ccvv8Eal.s 			page 1


   1              		.cpu cortex-m4
   2              		.arch armv7e-m
   3              		.fpu fpv4-sp-d16
   4              		.eabi_attribute 27, 1
   5              		.eabi_attribute 28, 1
   6              		.eabi_attribute 20, 1
   7              		.eabi_attribute 21, 1
   8              		.eabi_attribute 23, 3
   9              		.eabi_attribute 24, 1
  10              		.eabi_attribute 25, 1
  11              		.eabi_attribute 26, 1
  12              		.eabi_attribute 30, 1
  13              		.eabi_attribute 34, 1
  14              		.eabi_attribute 18, 4
  15              		.file	"step_motor.c"
  16              		.text
  17              	.Ltext0:
  18              		.cfi_sections	.debug_frame
  19              		.file 1 "Core/Src/step_motor.c"
  20              		.section	.text.step_motor_init,"ax",%progbits
  21              		.align	1
  22              		.global	step_motor_init
  23              		.syntax unified
  24              		.thumb
  25              		.thumb_func
  27              	step_motor_init:
  28              	.LVL0:
  29              	.LFB137:
   1:Core/Src/step_motor.c **** #include "step_motor.h"
   2:Core/Src/step_motor.c **** 
   3:Core/Src/step_motor.c **** const double MY_PI = 3.14159265358979323846;
   4:Core/Src/step_motor.c **** 
   5:Core/Src/step_motor.c **** const int man_range1 = 100;
   6:Core/Src/step_motor.c **** const int man_range2 = 200;
   7:Core/Src/step_motor.c **** 
   8:Core/Src/step_motor.c **** const float one_step = 31 * MY_PI / 800;
   9:Core/Src/step_motor.c **** 
  10:Core/Src/step_motor.c **** /* --------------------------------------------step_motor------------------------------------------
  11:Core/Src/step_motor.c **** void step_motor_init(Step_motor *step_motor, TIM_HandleTypeDef *Slide_htim, uint32_t Slide_Channel,
  12:Core/Src/step_motor.c **** {
  30              		.loc 1 12 1 view -0
  31              		.cfi_startproc
  32              		@ args = 16, pretend = 0, frame = 0
  33              		@ frame_needed = 0, uses_anonymous_args = 0
  34              		@ link register save eliminated.
  13:Core/Src/step_motor.c ****     step_motor->Slide_htim = Slide_htim;
  35              		.loc 1 13 5 view .LVU1
  36              		.loc 1 13 28 is_stmt 0 view .LVU2
  37 0000 0160     		str	r1, [r0]
  14:Core/Src/step_motor.c ****     step_motor->Slide_Channel = Slide_Channel;
  38              		.loc 1 14 5 is_stmt 1 view .LVU3
  39              		.loc 1 14 31 is_stmt 0 view .LVU4
  40 0002 4260     		str	r2, [r0, #4]
  15:Core/Src/step_motor.c ****     step_motor->Slide_Dir_GPIOx = Slide_Dir_GPIOx;
  41              		.loc 1 15 5 is_stmt 1 view .LVU5
  42              		.loc 1 15 33 is_stmt 0 view .LVU6
  43 0004 8360     		str	r3, [r0, #8]
ARM GAS  /tmp/ccvv8Eal.s 			page 2


  16:Core/Src/step_motor.c ****     step_motor->Slide_Dir_GPIO_Pin = Slide_Dir_GPIO_Pin;
  44              		.loc 1 16 5 is_stmt 1 view .LVU7
  45              		.loc 1 16 36 is_stmt 0 view .LVU8
  46 0006 BDF80030 		ldrh	r3, [sp]
  47              	.LVL1:
  48              		.loc 1 16 36 view .LVU9
  49 000a 8381     		strh	r3, [r0, #12]	@ movhi
  17:Core/Src/step_motor.c ****     step_motor->Slide_Dir = Slide_Dir;
  50              		.loc 1 17 5 is_stmt 1 view .LVU10
  51              		.loc 1 17 27 is_stmt 0 view .LVU11
  52 000c 019B     		ldr	r3, [sp, #4]
  53 000e 0361     		str	r3, [r0, #16]
  18:Core/Src/step_motor.c ****     step_motor->Ball_htim = Ball_htim;
  54              		.loc 1 18 5 is_stmt 1 view .LVU12
  55              		.loc 1 18 27 is_stmt 0 view .LVU13
  56 0010 029B     		ldr	r3, [sp, #8]
  57 0012 4361     		str	r3, [r0, #20]
  19:Core/Src/step_motor.c ****     step_motor->Ball_Channel = Ball_Channel;
  58              		.loc 1 19 5 is_stmt 1 view .LVU14
  59              		.loc 1 19 30 is_stmt 0 view .LVU15
  60 0014 039B     		ldr	r3, [sp, #12]
  61 0016 8361     		str	r3, [r0, #24]
  20:Core/Src/step_motor.c ****     step_motor->man[0] = 0;
  62              		.loc 1 20 5 is_stmt 1 view .LVU16
  63              		.loc 1 20 24 is_stmt 0 view .LVU17
  64 0018 0023     		movs	r3, #0
  65 001a C361     		str	r3, [r0, #28]	@ float
  21:Core/Src/step_motor.c ****     step_motor->man[1] = 100;
  66              		.loc 1 21 5 is_stmt 1 view .LVU18
  67              		.loc 1 21 24 is_stmt 0 view .LVU19
  68 001c 024B     		ldr	r3, .L2
  69 001e 0362     		str	r3, [r0, #32]	@ float
  22:Core/Src/step_motor.c ****     step_motor->man[2] = 200;
  70              		.loc 1 22 5 is_stmt 1 view .LVU20
  71              		.loc 1 22 24 is_stmt 0 view .LVU21
  72 0020 024B     		ldr	r3, .L2+4
  73 0022 4362     		str	r3, [r0, #36]	@ float
  23:Core/Src/step_motor.c **** }
  74              		.loc 1 23 1 view .LVU22
  75 0024 7047     		bx	lr
  76              	.L3:
  77 0026 00BF     		.align	2
  78              	.L2:
  79 0028 0000C842 		.word	1120403456
  80 002c 00004843 		.word	1128792064
  81              		.cfi_endproc
  82              	.LFE137:
  84              		.section	.text.start_step_motor,"ax",%progbits
  85              		.align	1
  86              		.global	start_step_motor
  87              		.syntax unified
  88              		.thumb
  89              		.thumb_func
  91              	start_step_motor:
  92              	.LVL2:
  93              	.LFB138:
  24:Core/Src/step_motor.c **** 
ARM GAS  /tmp/ccvv8Eal.s 			page 3


  25:Core/Src/step_motor.c **** void start_step_motor(Step_motor *step_motor)
  26:Core/Src/step_motor.c **** {
  94              		.loc 1 26 1 is_stmt 1 view -0
  95              		.cfi_startproc
  96              		@ args = 0, pretend = 0, frame = 0
  97              		@ frame_needed = 0, uses_anonymous_args = 0
  27:Core/Src/step_motor.c ****     if (step_motor != NULL)
  98              		.loc 1 27 5 view .LVU24
  99              		.loc 1 27 8 is_stmt 0 view .LVU25
 100 0000 48B1     		cbz	r0, .L7
  26:Core/Src/step_motor.c ****     if (step_motor != NULL)
 101              		.loc 1 26 1 view .LVU26
 102 0002 10B5     		push	{r4, lr}
 103              	.LCFI0:
 104              		.cfi_def_cfa_offset 8
 105              		.cfi_offset 4, -8
 106              		.cfi_offset 14, -4
 107 0004 0446     		mov	r4, r0
  28:Core/Src/step_motor.c ****     {
  29:Core/Src/step_motor.c ****         HAL_TIM_Base_Start_IT(step_motor->Slide_htim);
 108              		.loc 1 29 9 is_stmt 1 view .LVU27
 109 0006 0068     		ldr	r0, [r0]
 110              	.LVL3:
 111              		.loc 1 29 9 is_stmt 0 view .LVU28
 112 0008 FFF7FEFF 		bl	HAL_TIM_Base_Start_IT
 113              	.LVL4:
  30:Core/Src/step_motor.c ****         HAL_TIM_PWM_Start(step_motor->Slide_htim, step_motor->Slide_Channel);
 114              		.loc 1 30 9 is_stmt 1 view .LVU29
 115 000c 6168     		ldr	r1, [r4, #4]
 116 000e 2068     		ldr	r0, [r4]
 117 0010 FFF7FEFF 		bl	HAL_TIM_PWM_Start
 118              	.LVL5:
  31:Core/Src/step_motor.c ****     }
  32:Core/Src/step_motor.c **** }
 119              		.loc 1 32 1 is_stmt 0 view .LVU30
 120 0014 10BD     		pop	{r4, pc}
 121              	.LVL6:
 122              	.L7:
 123              	.LCFI1:
 124              		.cfi_def_cfa_offset 0
 125              		.cfi_restore 4
 126              		.cfi_restore 14
 127              		.loc 1 32 1 view .LVU31
 128 0016 7047     		bx	lr
 129              		.cfi_endproc
 130              	.LFE138:
 132              		.section	.text.stop_step_motor,"ax",%progbits
 133              		.align	1
 134              		.global	stop_step_motor
 135              		.syntax unified
 136              		.thumb
 137              		.thumb_func
 139              	stop_step_motor:
 140              	.LVL7:
 141              	.LFB139:
  33:Core/Src/step_motor.c **** 
  34:Core/Src/step_motor.c **** void stop_step_motor(Step_motor *step_motor)
ARM GAS  /tmp/ccvv8Eal.s 			page 4


  35:Core/Src/step_motor.c **** {
 142              		.loc 1 35 1 is_stmt 1 view -0
 143              		.cfi_startproc
 144              		@ args = 0, pretend = 0, frame = 0
 145              		@ frame_needed = 0, uses_anonymous_args = 0
  36:Core/Src/step_motor.c ****     if (step_motor != NULL)
 146              		.loc 1 36 5 view .LVU33
 147              		.loc 1 36 8 is_stmt 0 view .LVU34
 148 0000 48B1     		cbz	r0, .L13
  35:Core/Src/step_motor.c ****     if (step_motor != NULL)
 149              		.loc 1 35 1 view .LVU35
 150 0002 10B5     		push	{r4, lr}
 151              	.LCFI2:
 152              		.cfi_def_cfa_offset 8
 153              		.cfi_offset 4, -8
 154              		.cfi_offset 14, -4
 155 0004 0446     		mov	r4, r0
  37:Core/Src/step_motor.c ****     {
  38:Core/Src/step_motor.c ****         HAL_TIM_Base_Stop_IT(step_motor->Slide_htim);
 156              		.loc 1 38 9 is_stmt 1 view .LVU36
 157 0006 0068     		ldr	r0, [r0]
 158              	.LVL8:
 159              		.loc 1 38 9 is_stmt 0 view .LVU37
 160 0008 FFF7FEFF 		bl	HAL_TIM_Base_Stop_IT
 161              	.LVL9:
  39:Core/Src/step_motor.c ****         HAL_TIM_PWM_Stop(step_motor->Slide_htim, step_motor->Slide_Channel);
 162              		.loc 1 39 9 is_stmt 1 view .LVU38
 163 000c 6168     		ldr	r1, [r4, #4]
 164 000e 2068     		ldr	r0, [r4]
 165 0010 FFF7FEFF 		bl	HAL_TIM_PWM_Stop
 166              	.LVL10:
  40:Core/Src/step_motor.c ****     }
  41:Core/Src/step_motor.c **** }
 167              		.loc 1 41 1 is_stmt 0 view .LVU39
 168 0014 10BD     		pop	{r4, pc}
 169              	.LVL11:
 170              	.L13:
 171              	.LCFI3:
 172              		.cfi_def_cfa_offset 0
 173              		.cfi_restore 4
 174              		.cfi_restore 14
 175              		.loc 1 41 1 view .LVU40
 176 0016 7047     		bx	lr
 177              		.cfi_endproc
 178              	.LFE139:
 180              		.section	.text.dir_and_move_step_motor,"ax",%progbits
 181              		.align	1
 182              		.global	dir_and_move_step_motor
 183              		.syntax unified
 184              		.thumb
 185              		.thumb_func
 187              	dir_and_move_step_motor:
 188              	.LVL12:
 189              	.LFB140:
  42:Core/Src/step_motor.c **** 
  43:Core/Src/step_motor.c **** void dir_and_move_step_motor(Step_motor *step_motor, int dir)
  44:Core/Src/step_motor.c **** {
ARM GAS  /tmp/ccvv8Eal.s 			page 5


 190              		.loc 1 44 1 is_stmt 1 view -0
 191              		.cfi_startproc
 192              		@ args = 0, pretend = 0, frame = 0
 193              		@ frame_needed = 0, uses_anonymous_args = 0
  45:Core/Src/step_motor.c ****     if (step_motor != NULL)
 194              		.loc 1 45 5 view .LVU42
 195              		.loc 1 45 8 is_stmt 0 view .LVU43
 196 0000 70B1     		cbz	r0, .L19
  44:Core/Src/step_motor.c ****     if (step_motor != NULL)
 197              		.loc 1 44 1 view .LVU44
 198 0002 38B5     		push	{r3, r4, r5, lr}
 199              	.LCFI4:
 200              		.cfi_def_cfa_offset 16
 201              		.cfi_offset 3, -16
 202              		.cfi_offset 4, -12
 203              		.cfi_offset 5, -8
 204              		.cfi_offset 14, -4
 205 0004 0C46     		mov	r4, r1
 206 0006 0546     		mov	r5, r0
  46:Core/Src/step_motor.c ****     {
  47:Core/Src/step_motor.c ****         start_step_motor(step_motor);
 207              		.loc 1 47 9 is_stmt 1 view .LVU45
 208 0008 FFF7FEFF 		bl	start_step_motor
 209              	.LVL13:
  48:Core/Src/step_motor.c ****         step_motor->Slide_Dir = dir;
 210              		.loc 1 48 9 view .LVU46
 211              		.loc 1 48 31 is_stmt 0 view .LVU47
 212 000c 2C61     		str	r4, [r5, #16]
  49:Core/Src/step_motor.c ****         HAL_GPIO_WritePin(step_motor->Slide_Dir_GPIOx, step_motor->Slide_Dir_GPIO_Pin, dir == 1 ? G
 213              		.loc 1 49 9 is_stmt 1 view .LVU48
 214 000e 012C     		cmp	r4, #1
 215 0010 14BF     		ite	ne
 216 0012 0022     		movne	r2, #0
 217 0014 0122     		moveq	r2, #1
 218 0016 A989     		ldrh	r1, [r5, #12]
 219 0018 A868     		ldr	r0, [r5, #8]
 220 001a FFF7FEFF 		bl	HAL_GPIO_WritePin
 221              	.LVL14:
  50:Core/Src/step_motor.c ****     }
  51:Core/Src/step_motor.c **** }
 222              		.loc 1 51 1 is_stmt 0 view .LVU49
 223 001e 38BD     		pop	{r3, r4, r5, pc}
 224              	.LVL15:
 225              	.L19:
 226              	.LCFI5:
 227              		.cfi_def_cfa_offset 0
 228              		.cfi_restore 3
 229              		.cfi_restore 4
 230              		.cfi_restore 5
 231              		.cfi_restore 14
 232              		.loc 1 51 1 view .LVU50
 233 0020 7047     		bx	lr
 234              		.cfi_endproc
 235              	.LFE140:
 237              		.section	.text.which_man_range,"ax",%progbits
 238              		.align	1
 239              		.global	which_man_range
ARM GAS  /tmp/ccvv8Eal.s 			page 6


 240              		.syntax unified
 241              		.thumb
 242              		.thumb_func
 244              	which_man_range:
 245              	.LVL16:
 246              	.LFB141:
  52:Core/Src/step_motor.c **** /* --------------------------------------------step_motor------------------------------------------
  53:Core/Src/step_motor.c **** 
  54:Core/Src/step_motor.c **** /* ------------------------------------------判斷球在小人的哪個範圍---------------------
  55:Core/Src/step_motor.c **** float *which_man_range(Coord *ball_coord, Step_motor *step_motor)
  56:Core/Src/step_motor.c **** {
 247              		.loc 1 56 1 is_stmt 1 view -0
 248              		.cfi_startproc
 249              		@ args = 0, pretend = 0, frame = 0
 250              		@ frame_needed = 0, uses_anonymous_args = 0
 251              		@ link register save eliminated.
  57:Core/Src/step_motor.c ****     if (ball_coord != NULL)
 252              		.loc 1 57 5 view .LVU52
 253              		.loc 1 57 8 is_stmt 0 view .LVU53
 254 0000 68B1     		cbz	r0, .L23
  58:Core/Src/step_motor.c ****     {
  59:Core/Src/step_motor.c ****         if (ball_coord->y > man_range2)
 255              		.loc 1 59 9 is_stmt 1 view .LVU54
 256              		.loc 1 59 23 is_stmt 0 view .LVU55
 257 0002 4368     		ldr	r3, [r0, #4]
 258              		.loc 1 59 12 view .LVU56
 259 0004 C82B     		cmp	r3, #200
 260 0006 04DC     		bgt	.L27
  60:Core/Src/step_motor.c ****         {
  61:Core/Src/step_motor.c ****             return &step_motor->man[2];
  62:Core/Src/step_motor.c ****         }
  63:Core/Src/step_motor.c ****         else if (ball_coord->y > man_range1)
 261              		.loc 1 63 14 is_stmt 1 view .LVU57
 262              		.loc 1 63 17 is_stmt 0 view .LVU58
 263 0008 642B     		cmp	r3, #100
 264 000a 05DD     		ble	.L26
  64:Core/Src/step_motor.c ****         {
  65:Core/Src/step_motor.c ****             return &step_motor->man[1];
 265              		.loc 1 65 13 is_stmt 1 view .LVU59
 266              		.loc 1 65 20 is_stmt 0 view .LVU60
 267 000c 01F12000 		add	r0, r1, #32
 268              	.LVL17:
 269              		.loc 1 65 20 view .LVU61
 270 0010 7047     		bx	lr
 271              	.LVL18:
 272              	.L27:
  61:Core/Src/step_motor.c ****         }
 273              		.loc 1 61 13 is_stmt 1 view .LVU62
  61:Core/Src/step_motor.c ****         }
 274              		.loc 1 61 20 is_stmt 0 view .LVU63
 275 0012 01F12400 		add	r0, r1, #36
 276              	.LVL19:
  61:Core/Src/step_motor.c ****         }
 277              		.loc 1 61 20 view .LVU64
 278 0016 7047     		bx	lr
 279              	.LVL20:
 280              	.L26:
ARM GAS  /tmp/ccvv8Eal.s 			page 7


  66:Core/Src/step_motor.c ****         }
  67:Core/Src/step_motor.c ****         else
  68:Core/Src/step_motor.c ****         {
  69:Core/Src/step_motor.c ****             return &step_motor->man[0];
 281              		.loc 1 69 13 is_stmt 1 view .LVU65
 282              		.loc 1 69 20 is_stmt 0 view .LVU66
 283 0018 01F11C00 		add	r0, r1, #28
 284              	.LVL21:
 285              		.loc 1 69 20 view .LVU67
 286 001c 7047     		bx	lr
 287              	.LVL22:
 288              	.L23:
 289              	.LVL23:
  70:Core/Src/step_motor.c ****         }
  71:Core/Src/step_motor.c ****     }
  72:Core/Src/step_motor.c **** }
 290              		.loc 1 72 1 view .LVU68
 291 001e 7047     		bx	lr
 292              		.cfi_endproc
 293              	.LFE141:
 295              		.section	.text.compute_man_location,"ax",%progbits
 296              		.align	1
 297              		.global	compute_man_location
 298              		.syntax unified
 299              		.thumb
 300              		.thumb_func
 302              	compute_man_location:
 303              	.LVL24:
 304              	.LFB142:
  73:Core/Src/step_motor.c **** /* ------------------------------------------判斷球在小人的哪個範圍---------------------
  74:Core/Src/step_motor.c **** 
  75:Core/Src/step_motor.c **** /* ---------------------------------------------tim小人位置計算------------------------------
  76:Core/Src/step_motor.c **** void compute_man_location(Step_motor *step_motor)
  77:Core/Src/step_motor.c **** {
 305              		.loc 1 77 1 is_stmt 1 view -0
 306              		.cfi_startproc
 307              		@ args = 0, pretend = 0, frame = 0
 308              		@ frame_needed = 0, uses_anonymous_args = 0
 309              		@ link register save eliminated.
  78:Core/Src/step_motor.c ****     if (step_motor != NULL)
 310              		.loc 1 78 5 view .LVU70
 311              		.loc 1 78 8 is_stmt 0 view .LVU71
 312 0000 C8B1     		cbz	r0, .L28
  79:Core/Src/step_motor.c ****     {
  80:Core/Src/step_motor.c ****         step_motor->man[0] += step_motor->Slide_Dir * one_step;
 313              		.loc 1 80 9 is_stmt 1 view .LVU72
 314              		.loc 1 80 24 is_stmt 0 view .LVU73
 315 0002 90ED077A 		vldr.32	s14, [r0, #28]
 316              		.loc 1 80 53 view .LVU74
 317 0006 D0ED047A 		vldr.32	s15, [r0, #16]	@ int
 318 000a F8EEE77A 		vcvt.f32.s32	s15, s15
 319 000e DFED0A6A 		vldr.32	s13, .L30
 320 0012 67EEA67A 		vmul.f32	s15, s15, s13
 321              		.loc 1 80 28 view .LVU75
 322 0016 37EE277A 		vadd.f32	s14, s14, s15
 323 001a 80ED077A 		vstr.32	s14, [r0, #28]
  81:Core/Src/step_motor.c ****         step_motor->man[1] += step_motor->Slide_Dir * one_step;
ARM GAS  /tmp/ccvv8Eal.s 			page 8


 324              		.loc 1 81 9 is_stmt 1 view .LVU76
 325              		.loc 1 81 24 is_stmt 0 view .LVU77
 326 001e 90ED087A 		vldr.32	s14, [r0, #32]
 327              		.loc 1 81 28 view .LVU78
 328 0022 37EE877A 		vadd.f32	s14, s15, s14
 329 0026 80ED087A 		vstr.32	s14, [r0, #32]
  82:Core/Src/step_motor.c ****         step_motor->man[2] += step_motor->Slide_Dir * one_step;
 330              		.loc 1 82 9 is_stmt 1 view .LVU79
 331              		.loc 1 82 24 is_stmt 0 view .LVU80
 332 002a 90ED097A 		vldr.32	s14, [r0, #36]
 333              		.loc 1 82 28 view .LVU81
 334 002e 77EE877A 		vadd.f32	s15, s15, s14
 335 0032 C0ED097A 		vstr.32	s15, [r0, #36]
 336              	.L28:
  83:Core/Src/step_motor.c ****     }
  84:Core/Src/step_motor.c **** }
 337              		.loc 1 84 1 view .LVU82
 338 0036 7047     		bx	lr
 339              	.L31:
 340              		.align	2
 341              	.L30:
 342 0038 1951F93D 		.word	1039749401
 343              		.cfi_endproc
 344              	.LFE142:
 346              		.section	.text.init_pid,"ax",%progbits
 347              		.align	1
 348              		.global	init_pid
 349              		.syntax unified
 350              		.thumb
 351              		.thumb_func
 353              	init_pid:
 354              	.LVL25:
 355              	.LFB143:
  85:Core/Src/step_motor.c **** 
  86:Core/Src/step_motor.c **** /* ---------------------------------------------pi----------------------------------------------- *
  87:Core/Src/step_motor.c **** 
  88:Core/Src/step_motor.c **** void init_pid(PIDController *pid)
  89:Core/Src/step_motor.c **** {
 356              		.loc 1 89 1 is_stmt 1 view -0
 357              		.cfi_startproc
 358              		@ args = 0, pretend = 0, frame = 0
 359              		@ frame_needed = 0, uses_anonymous_args = 0
  90:Core/Src/step_motor.c ****     if (pid != NULL)
 360              		.loc 1 90 5 view .LVU84
 361              		.loc 1 90 8 is_stmt 0 view .LVU85
 362 0000 B8B1     		cbz	r0, .L35
  89:Core/Src/step_motor.c ****     if (pid != NULL)
 363              		.loc 1 89 1 view .LVU86
 364 0002 10B5     		push	{r4, lr}
 365              	.LCFI6:
 366              		.cfi_def_cfa_offset 8
 367              		.cfi_offset 4, -8
 368              		.cfi_offset 14, -4
 369 0004 0446     		mov	r4, r0
  91:Core/Src/step_motor.c ****     {
  92:Core/Src/step_motor.c ****         pid->Ki = 1.0f;
 370              		.loc 1 92 9 is_stmt 1 view .LVU87
ARM GAS  /tmp/ccvv8Eal.s 			page 9


 371              		.loc 1 92 17 is_stmt 0 view .LVU88
 372 0006 4FF07E53 		mov	r3, #1065353216
 373 000a 4360     		str	r3, [r0, #4]	@ float
  93:Core/Src/step_motor.c ****         pid->Kp = 80.0f;
 374              		.loc 1 93 9 is_stmt 1 view .LVU89
 375              		.loc 1 93 17 is_stmt 0 view .LVU90
 376 000c 094B     		ldr	r3, .L38
 377 000e 0360     		str	r3, [r0]	@ float
  94:Core/Src/step_motor.c ****         pid->DT_SEC = 0.02f;
 378              		.loc 1 94 9 is_stmt 1 view .LVU91
 379              		.loc 1 94 21 is_stmt 0 view .LVU92
 380 0010 094B     		ldr	r3, .L38+4
 381 0012 0361     		str	r3, [r0, #16]	@ float
  95:Core/Src/step_motor.c ****         pid->MAX_FREQ = 2000.0f;
 382              		.loc 1 95 9 is_stmt 1 view .LVU93
 383              		.loc 1 95 23 is_stmt 0 view .LVU94
 384 0014 094B     		ldr	r3, .L38+8
 385 0016 4361     		str	r3, [r0, #20]	@ float
  96:Core/Src/step_motor.c ****         pid->DEAD_ZONE = 400.0f;
 386              		.loc 1 96 9 is_stmt 1 view .LVU95
 387              		.loc 1 96 24 is_stmt 0 view .LVU96
 388 0018 094B     		ldr	r3, .L38+12
 389 001a 8361     		str	r3, [r0, #24]	@ float
  97:Core/Src/step_motor.c ****         pid->integral = 0.0f;
 390              		.loc 1 97 9 is_stmt 1 view .LVU97
 391              		.loc 1 97 23 is_stmt 0 view .LVU98
 392 001c 0023     		movs	r3, #0
 393 001e 8360     		str	r3, [r0, #8]	@ float
  98:Core/Src/step_motor.c ****         pid->last_time = HAL_GetTick();
 394              		.loc 1 98 9 is_stmt 1 view .LVU99
 395              		.loc 1 98 26 is_stmt 0 view .LVU100
 396 0020 FFF7FEFF 		bl	HAL_GetTick
 397              	.LVL26:
 398              		.loc 1 98 26 view .LVU101
 399 0024 07EE900A 		vmov	s15, r0	@ int
 400              		.loc 1 98 24 discriminator 1 view .LVU102
 401 0028 F8EE677A 		vcvt.f32.u32	s15, s15
 402 002c C4ED037A 		vstr.32	s15, [r4, #12]
  99:Core/Src/step_motor.c ****     }
 100:Core/Src/step_motor.c **** }
 403              		.loc 1 100 1 view .LVU103
 404 0030 10BD     		pop	{r4, pc}
 405              	.LVL27:
 406              	.L35:
 407              	.LCFI7:
 408              		.cfi_def_cfa_offset 0
 409              		.cfi_restore 4
 410              		.cfi_restore 14
 411              		.loc 1 100 1 view .LVU104
 412 0032 7047     		bx	lr
 413              	.L39:
 414              		.align	2
 415              	.L38:
 416 0034 0000A042 		.word	1117782016
 417 0038 0AD7A33C 		.word	1017370378
 418 003c 0000FA44 		.word	1157234688
 419 0040 0000C843 		.word	1137180672
ARM GAS  /tmp/ccvv8Eal.s 			page 10


 420              		.cfi_endproc
 421              	.LFE143:
 423              		.global	__aeabi_f2d
 424              		.section	.rodata.PI_Update.str1.4,"aMS",%progbits,1
 425              		.align	2
 426              	.LC0:
 427 0000 6572726F 		.ascii	"error: %.2f, integral: %.2f, output(freq): %.2f\015"
 427      723A2025 
 427      2E32662C 
 427      20696E74 
 427      65677261 
 428 0030 0A00     		.ascii	"\012\000"
 429              		.section	.text.PI_Update,"ax",%progbits
 430              		.align	1
 431              		.global	PI_Update
 432              		.syntax unified
 433              		.thumb
 434              		.thumb_func
 436              	PI_Update:
 437              	.LVL28:
 438              	.LFB144:
 101:Core/Src/step_motor.c **** 
 102:Core/Src/step_motor.c **** float PI_Update(PIDController *pid, float error)
 103:Core/Src/step_motor.c **** {
 439              		.loc 1 103 1 is_stmt 1 view -0
 440              		.cfi_startproc
 441              		@ args = 0, pretend = 0, frame = 0
 442              		@ frame_needed = 0, uses_anonymous_args = 0
 443              		.loc 1 103 1 is_stmt 0 view .LVU106
 444 0000 30B5     		push	{r4, r5, lr}
 445              	.LCFI8:
 446              		.cfi_def_cfa_offset 12
 447              		.cfi_offset 4, -12
 448              		.cfi_offset 5, -8
 449              		.cfi_offset 14, -4
 450 0002 2DED048B 		vpush.64	{d8, d9}
 451              	.LCFI9:
 452              		.cfi_def_cfa_offset 28
 453              		.cfi_offset 80, -28
 454              		.cfi_offset 81, -24
 455              		.cfi_offset 82, -20
 456              		.cfi_offset 83, -16
 457 0006 85B0     		sub	sp, sp, #20
 458              	.LCFI10:
 459              		.cfi_def_cfa_offset 48
 460 0008 0446     		mov	r4, r0
 461 000a B0EE409A 		vmov.f32	s18, s0
 104:Core/Src/step_motor.c **** 
 105:Core/Src/step_motor.c ****     // float error = result;
 106:Core/Src/step_motor.c ****     // pid->integral += error * pid->DT_SEC;
 107:Core/Src/step_motor.c **** 
 108:Core/Src/step_motor.c ****     // float output = pid->Kp * error + pid->Ki * pid->integral;
 109:Core/Src/step_motor.c **** 
 110:Core/Src/step_motor.c ****     // // 安全限制
 111:Core/Src/step_motor.c ****     // if (output > pid->MAX_FREQ)
 112:Core/Src/step_motor.c ****     //     output = pid->MAX_FREQ;
 113:Core/Src/step_motor.c ****     // if (output < -pid->MAX_FREQ)
ARM GAS  /tmp/ccvv8Eal.s 			page 11


 114:Core/Src/step_motor.c ****     //     output = -pid->MAX_FREQ;
 115:Core/Src/step_motor.c ****     // if (fabs(output) < pid->DEAD_ZONE)
 116:Core/Src/step_motor.c ****     //     output = 0;
 117:Core/Src/step_motor.c **** 
 118:Core/Src/step_motor.c ****     // return output;
 119:Core/Src/step_motor.c **** 
 120:Core/Src/step_motor.c ****     uint32_t now = HAL_GetTick();
 462              		.loc 1 120 5 is_stmt 1 view .LVU107
 463              		.loc 1 120 20 is_stmt 0 view .LVU108
 464 000e FFF7FEFF 		bl	HAL_GetTick
 465              	.LVL29:
 466              		.loc 1 120 20 view .LVU109
 467 0012 07EE100A 		vmov	s14, r0	@ int
 468              	.LVL30:
 121:Core/Src/step_motor.c ****     float dt = (now - pid->last_time) / 1000.0f; // 換算成秒
 469              		.loc 1 121 5 is_stmt 1 view .LVU110
 470              		.loc 1 121 21 is_stmt 0 view .LVU111
 471 0016 B8EE477A 		vcvt.f32.u32	s14, s14
 472              		.loc 1 121 26 view .LVU112
 473 001a D4ED036A 		vldr.32	s13, [r4, #12]
 474              		.loc 1 121 21 view .LVU113
 475 001e 77EE666A 		vsub.f32	s13, s14, s13
 476              		.loc 1 121 11 view .LVU114
 477 0022 9FED2D6A 		vldr.32	s12, .L50
 478 0026 C6EE867A 		vdiv.f32	s15, s13, s12
 479              	.LVL31:
 122:Core/Src/step_motor.c ****     pid->last_time = now;
 480              		.loc 1 122 5 is_stmt 1 view .LVU115
 481              		.loc 1 122 20 is_stmt 0 view .LVU116
 482 002a 84ED037A 		vstr.32	s14, [r4, #12]
 123:Core/Src/step_motor.c **** 
 124:Core/Src/step_motor.c ****     if (dt <= 0.0f)
 483              		.loc 1 124 5 is_stmt 1 view .LVU117
 484              		.loc 1 124 8 is_stmt 0 view .LVU118
 485 002e F5EEC07A 		vcmpe.f32	s15, #0
 486 0032 F1EE10FA 		vmrs	APSR_nzcv, FPSCR
 487 0036 4BD9     		bls	.L49
 488              	.LVL32:
 489              	.L41:
 125:Core/Src/step_motor.c ****         dt = 0.001f; // 避免除以0
 126:Core/Src/step_motor.c **** 
 127:Core/Src/step_motor.c ****     // 積分項累積誤差
 128:Core/Src/step_motor.c ****     pid->integral += error * dt;
 490              		.loc 1 128 5 is_stmt 1 view .LVU119
 491              		.loc 1 128 8 is_stmt 0 view .LVU120
 492 0038 D4ED028A 		vldr.32	s17, [r4, #8]
 493              		.loc 1 128 28 view .LVU121
 494 003c 67EE897A 		vmul.f32	s15, s15, s18
 495              	.LVL33:
 496              		.loc 1 128 19 view .LVU122
 497 0040 78EEA78A 		vadd.f32	s17, s17, s15
 498 0044 C4ED028A 		vstr.32	s17, [r4, #8]
 129:Core/Src/step_motor.c **** 
 130:Core/Src/step_motor.c ****     // PI 控制輸出
 131:Core/Src/step_motor.c ****     float output = pid->Kp * error + pid->Ki * pid->integral;
 499              		.loc 1 131 5 is_stmt 1 view .LVU123
 500              		.loc 1 131 23 is_stmt 0 view .LVU124
ARM GAS  /tmp/ccvv8Eal.s 			page 12


 501 0048 D4ED007A 		vldr.32	s15, [r4]
 502              		.loc 1 131 28 view .LVU125
 503 004c 67EE897A 		vmul.f32	s15, s15, s18
 504              		.loc 1 131 41 view .LVU126
 505 0050 94ED017A 		vldr.32	s14, [r4, #4]
 506              		.loc 1 131 46 view .LVU127
 507 0054 28EE877A 		vmul.f32	s14, s17, s14
 508              		.loc 1 131 11 view .LVU128
 509 0058 77EE877A 		vadd.f32	s15, s15, s14
 510              	.LVL34:
 132:Core/Src/step_motor.c **** 
 133:Core/Src/step_motor.c ****     // 安全限制
 134:Core/Src/step_motor.c ****     if (output > pid->MAX_FREQ)
 511              		.loc 1 134 5 is_stmt 1 view .LVU129
 512              		.loc 1 134 21 is_stmt 0 view .LVU130
 513 005c 94ED058A 		vldr.32	s16, [r4, #20]
 514              		.loc 1 134 8 view .LVU131
 515 0060 B4EEE78A 		vcmpe.f32	s16, s15
 516 0064 F1EE10FA 		vmrs	APSR_nzcv, FPSCR
 517 0068 01D5     		bpl	.L42
 135:Core/Src/step_motor.c ****         output = pid->MAX_FREQ;
 518              		.loc 1 135 16 view .LVU132
 519 006a F0EE487A 		vmov.f32	s15, s16
 520              	.LVL35:
 521              	.L42:
 136:Core/Src/step_motor.c ****     if (output < -pid->MAX_FREQ)
 522              		.loc 1 136 5 is_stmt 1 view .LVU133
 523              		.loc 1 136 18 is_stmt 0 view .LVU134
 524 006e B1EE488A 		vneg.f32	s16, s16
 525              		.loc 1 136 8 view .LVU135
 526 0072 B4EEE78A 		vcmpe.f32	s16, s15
 527 0076 F1EE10FA 		vmrs	APSR_nzcv, FPSCR
 528 007a 01DC     		bgt	.L43
 529 007c B0EE678A 		vmov.f32	s16, s15
 530              	.L43:
 531              	.LVL36:
 137:Core/Src/step_motor.c ****         output = -pid->MAX_FREQ;
 138:Core/Src/step_motor.c ****     if (fabs(output) < pid->DEAD_ZONE)
 532              		.loc 1 138 5 is_stmt 1 view .LVU136
 533              		.loc 1 138 9 is_stmt 0 view .LVU137
 534 0080 F0EEC87A 		vabs.f32	s15, s16
 535              		.loc 1 138 27 view .LVU138
 536 0084 94ED067A 		vldr.32	s14, [r4, #24]
 537              		.loc 1 138 8 view .LVU139
 538 0088 F4EEC77A 		vcmpe.f32	s15, s14
 539 008c F1EE10FA 		vmrs	APSR_nzcv, FPSCR
 540 0090 01D5     		bpl	.L44
 139:Core/Src/step_motor.c ****         output = 0;
 541              		.loc 1 139 16 view .LVU140
 542 0092 9FED128A 		vldr.32	s16, .L50+4
 543              	.LVL37:
 544              	.L44:
 140:Core/Src/step_motor.c **** 
 141:Core/Src/step_motor.c ****     printf("error: %.2f, integral: %.2f, output(freq): %.2f\r\n", error, pid->integral, output);
 545              		.loc 1 141 5 is_stmt 1 view .LVU141
 546 0096 19EE100A 		vmov	r0, s18
 547              	.LVL38:
ARM GAS  /tmp/ccvv8Eal.s 			page 13


 548              		.loc 1 141 5 is_stmt 0 view .LVU142
 549 009a FFF7FEFF 		bl	__aeabi_f2d
 550              	.LVL39:
 551 009e 0446     		mov	r4, r0
 552              	.LVL40:
 553              		.loc 1 141 5 view .LVU143
 554 00a0 0D46     		mov	r5, r1
 555 00a2 18EE100A 		vmov	r0, s16
 556 00a6 FFF7FEFF 		bl	__aeabi_f2d
 557              	.LVL41:
 558 00aa CDE90201 		strd	r0, [sp, #8]
 559 00ae 18EE900A 		vmov	r0, s17
 560 00b2 FFF7FEFF 		bl	__aeabi_f2d
 561              	.LVL42:
 562 00b6 CDE90001 		strd	r0, [sp]
 563 00ba 2246     		mov	r2, r4
 564 00bc 2B46     		mov	r3, r5
 565 00be 0848     		ldr	r0, .L50+8
 566 00c0 FFF7FEFF 		bl	printf
 567              	.LVL43:
 142:Core/Src/step_motor.c **** 
 143:Core/Src/step_motor.c ****     return output;
 568              		.loc 1 143 5 is_stmt 1 view .LVU144
 144:Core/Src/step_motor.c **** }
 569              		.loc 1 144 1 is_stmt 0 view .LVU145
 570 00c4 B0EE480A 		vmov.f32	s0, s16
 571 00c8 05B0     		add	sp, sp, #20
 572              	.LCFI11:
 573              		.cfi_remember_state
 574              		.cfi_def_cfa_offset 28
 575              		@ sp needed
 576 00ca BDEC048B 		vldm	sp!, {d8-d9}
 577              	.LCFI12:
 578              		.cfi_restore 82
 579              		.cfi_restore 83
 580              		.cfi_restore 80
 581              		.cfi_restore 81
 582              		.cfi_def_cfa_offset 12
 583              	.LVL44:
 584              		.loc 1 144 1 view .LVU146
 585 00ce 30BD     		pop	{r4, r5, pc}
 586              	.LVL45:
 587              	.L49:
 588              	.LCFI13:
 589              		.cfi_restore_state
 125:Core/Src/step_motor.c **** 
 590              		.loc 1 125 12 view .LVU147
 591 00d0 DFED047A 		vldr.32	s15, .L50+12
 592              	.LVL46:
 125:Core/Src/step_motor.c **** 
 593              		.loc 1 125 12 view .LVU148
 594 00d4 B0E7     		b	.L41
 595              	.L51:
 596 00d6 00BF     		.align	2
 597              	.L50:
 598 00d8 00007A44 		.word	1148846080
 599 00dc 00000000 		.word	0
ARM GAS  /tmp/ccvv8Eal.s 			page 14


 600 00e0 00000000 		.word	.LC0
 601 00e4 6F12833A 		.word	981668463
 602              		.cfi_endproc
 603              	.LFE144:
 605              		.section	.text.Set_Step_Frequency,"ax",%progbits
 606              		.align	1
 607              		.global	Set_Step_Frequency
 608              		.syntax unified
 609              		.thumb
 610              		.thumb_func
 612              	Set_Step_Frequency:
 613              	.LVL47:
 614              	.LFB145:
 145:Core/Src/step_motor.c **** 
 146:Core/Src/step_motor.c **** void Set_Step_Frequency(Step_motor *man, float freq)
 147:Core/Src/step_motor.c **** {
 615              		.loc 1 147 1 is_stmt 1 view -0
 616              		.cfi_startproc
 617              		@ args = 0, pretend = 0, frame = 0
 618              		@ frame_needed = 0, uses_anonymous_args = 0
 619              		@ link register save eliminated.
 148:Core/Src/step_motor.c ****     if (man == NULL)
 620              		.loc 1 148 5 view .LVU150
 621              		.loc 1 148 8 is_stmt 0 view .LVU151
 622 0000 0246     		mov	r2, r0
 623 0002 F8B1     		cbz	r0, .L52
 149:Core/Src/step_motor.c ****     {
 150:Core/Src/step_motor.c ****         // printf("Error: ball_in_man_range is NULL\n");
 151:Core/Src/step_motor.c ****         return; // 或其他默認值
 152:Core/Src/step_motor.c ****     }
 153:Core/Src/step_motor.c ****     float abs_freq = fabs(freq);
 624              		.loc 1 153 5 is_stmt 1 view .LVU152
 625              		.loc 1 153 11 is_stmt 0 view .LVU153
 626 0004 B0EEC07A 		vabs.f32	s14, s0
 627              	.LVL48:
 154:Core/Src/step_motor.c ****     uint32_t arr;
 628              		.loc 1 154 5 is_stmt 1 view .LVU154
 155:Core/Src/step_motor.c **** 
 156:Core/Src/step_motor.c ****     if (abs_freq == 0)
 629              		.loc 1 156 5 view .LVU155
 630              		.loc 1 156 8 is_stmt 0 view .LVU156
 631 0008 B5EE400A 		vcmp.f32	s0, #0
 632 000c F1EE10FA 		vmrs	APSR_nzcv, FPSCR
 633 0010 19D0     		beq	.L63
 157:Core/Src/step_motor.c ****     {
 158:Core/Src/step_motor.c ****         // 關閉 PWM 輸出
 159:Core/Src/step_motor.c ****         __HAL_TIM_SET_COMPARE(man->Slide_htim, man->Slide_Channel, 0);
 160:Core/Src/step_motor.c ****         return;
 161:Core/Src/step_motor.c ****     }
 162:Core/Src/step_motor.c **** 
 163:Core/Src/step_motor.c ****     // 計算對應 ARR（假設 TIM2 用 1MHz）
 164:Core/Src/step_motor.c ****     arr = 1000000 / abs_freq;
 634              		.loc 1 164 5 is_stmt 1 view .LVU157
 635              		.loc 1 164 19 is_stmt 0 view .LVU158
 636 0012 DFED236A 		vldr.32	s13, .L68
 637 0016 C6EE877A 		vdiv.f32	s15, s13, s14
 638              		.loc 1 164 9 view .LVU159
ARM GAS  /tmp/ccvv8Eal.s 			page 15


 639 001a FCEEE77A 		vcvt.u32.f32	s15, s15
 640 001e 17EE903A 		vmov	r3, s15	@ int
 641              	.LVL49:
 165:Core/Src/step_motor.c ****     __HAL_TIM_SET_AUTORELOAD(man->Slide_htim, arr);
 642              		.loc 1 165 5 is_stmt 1 view .LVU160
 643              		.loc 1 165 5 view .LVU161
 644 0022 0168     		ldr	r1, [r0]
 645 0024 0968     		ldr	r1, [r1]
 646 0026 C1ED0B7A 		vstr.32	s15, [r1, #44]	@ int
 647              		.loc 1 165 5 view .LVU162
 648 002a 0168     		ldr	r1, [r0]
 649 002c C1ED037A 		vstr.32	s15, [r1, #12]	@ int
 650              		.loc 1 165 5 view .LVU163
 166:Core/Src/step_motor.c ****     __HAL_TIM_SET_COMPARE(man->Slide_htim, man->Slide_Channel, arr / 2);
 651              		.loc 1 166 5 view .LVU164
 652 0030 4168     		ldr	r1, [r0, #4]
 653 0032 11BB     		cbnz	r1, .L59
 654              		.loc 1 166 5 is_stmt 0 discriminator 1 view .LVU165
 655 0034 0168     		ldr	r1, [r0]
 656 0036 0968     		ldr	r1, [r1]
 657 0038 5B08     		lsrs	r3, r3, #1
 658              	.LVL50:
 659              		.loc 1 166 5 discriminator 1 view .LVU166
 660 003a 4B63     		str	r3, [r1, #52]
 661              	.L60:
 167:Core/Src/step_motor.c ****     __HAL_TIM_SET_COUNTER(man->Slide_htim, 0);
 662              		.loc 1 167 5 is_stmt 1 view .LVU167
 663 003c 1368     		ldr	r3, [r2]
 664 003e 1B68     		ldr	r3, [r3]
 665 0040 0022     		movs	r2, #0
 666 0042 5A62     		str	r2, [r3, #36]
 667              	.LVL51:
 668              	.L52:
 168:Core/Src/step_motor.c **** }
 669              		.loc 1 168 1 is_stmt 0 view .LVU168
 670 0044 7047     		bx	lr
 671              	.LVL52:
 672              	.L63:
 159:Core/Src/step_motor.c ****         return;
 673              		.loc 1 159 9 is_stmt 1 view .LVU169
 674 0046 4368     		ldr	r3, [r0, #4]
 675 0048 23B9     		cbnz	r3, .L55
 159:Core/Src/step_motor.c ****         return;
 676              		.loc 1 159 9 is_stmt 0 discriminator 1 view .LVU170
 677 004a 0368     		ldr	r3, [r0]
 678 004c 1B68     		ldr	r3, [r3]
 679 004e 0022     		movs	r2, #0
 680 0050 5A63     		str	r2, [r3, #52]
 681 0052 7047     		bx	lr
 682              	.L55:
 159:Core/Src/step_motor.c ****         return;
 683              		.loc 1 159 9 discriminator 2 view .LVU171
 684 0054 042B     		cmp	r3, #4
 685 0056 06D0     		beq	.L64
 159:Core/Src/step_motor.c ****         return;
 686              		.loc 1 159 9 discriminator 4 view .LVU172
 687 0058 082B     		cmp	r3, #8
ARM GAS  /tmp/ccvv8Eal.s 			page 16


 688 005a 09D0     		beq	.L65
 159:Core/Src/step_motor.c ****         return;
 689              		.loc 1 159 9 discriminator 7 view .LVU173
 690 005c 0368     		ldr	r3, [r0]
 691 005e 1B68     		ldr	r3, [r3]
 692 0060 0022     		movs	r2, #0
 693 0062 1A64     		str	r2, [r3, #64]
 160:Core/Src/step_motor.c ****     }
 694              		.loc 1 160 9 is_stmt 1 view .LVU174
 695 0064 7047     		bx	lr
 696              	.L64:
 159:Core/Src/step_motor.c ****         return;
 697              		.loc 1 159 9 is_stmt 0 discriminator 3 view .LVU175
 698 0066 0368     		ldr	r3, [r0]
 699 0068 1B68     		ldr	r3, [r3]
 700 006a 0022     		movs	r2, #0
 701 006c 9A63     		str	r2, [r3, #56]
 702 006e 7047     		bx	lr
 703              	.L65:
 159:Core/Src/step_motor.c ****         return;
 704              		.loc 1 159 9 discriminator 6 view .LVU176
 705 0070 0368     		ldr	r3, [r0]
 706 0072 1B68     		ldr	r3, [r3]
 707 0074 0022     		movs	r2, #0
 708 0076 DA63     		str	r2, [r3, #60]
 709 0078 7047     		bx	lr
 710              	.LVL53:
 711              	.L59:
 166:Core/Src/step_motor.c ****     __HAL_TIM_SET_COUNTER(man->Slide_htim, 0);
 712              		.loc 1 166 5 discriminator 2 view .LVU177
 713 007a 0429     		cmp	r1, #4
 714 007c 06D0     		beq	.L66
 166:Core/Src/step_motor.c ****     __HAL_TIM_SET_COUNTER(man->Slide_htim, 0);
 715              		.loc 1 166 5 discriminator 4 view .LVU178
 716 007e 0829     		cmp	r1, #8
 717 0080 09D0     		beq	.L67
 166:Core/Src/step_motor.c ****     __HAL_TIM_SET_COUNTER(man->Slide_htim, 0);
 718              		.loc 1 166 5 discriminator 7 view .LVU179
 719 0082 0168     		ldr	r1, [r0]
 720 0084 0968     		ldr	r1, [r1]
 721 0086 5B08     		lsrs	r3, r3, #1
 722              	.LVL54:
 166:Core/Src/step_motor.c ****     __HAL_TIM_SET_COUNTER(man->Slide_htim, 0);
 723              		.loc 1 166 5 discriminator 7 view .LVU180
 724 0088 0B64     		str	r3, [r1, #64]
 725 008a D7E7     		b	.L60
 726              	.LVL55:
 727              	.L66:
 166:Core/Src/step_motor.c ****     __HAL_TIM_SET_COUNTER(man->Slide_htim, 0);
 728              		.loc 1 166 5 discriminator 3 view .LVU181
 729 008c 0168     		ldr	r1, [r0]
 730 008e 0968     		ldr	r1, [r1]
 731 0090 5B08     		lsrs	r3, r3, #1
 732              	.LVL56:
 166:Core/Src/step_motor.c ****     __HAL_TIM_SET_COUNTER(man->Slide_htim, 0);
 733              		.loc 1 166 5 discriminator 3 view .LVU182
 734 0092 8B63     		str	r3, [r1, #56]
ARM GAS  /tmp/ccvv8Eal.s 			page 17


 735 0094 D2E7     		b	.L60
 736              	.LVL57:
 737              	.L67:
 166:Core/Src/step_motor.c ****     __HAL_TIM_SET_COUNTER(man->Slide_htim, 0);
 738              		.loc 1 166 5 discriminator 6 view .LVU183
 739 0096 0168     		ldr	r1, [r0]
 740 0098 0968     		ldr	r1, [r1]
 741 009a 5B08     		lsrs	r3, r3, #1
 742              	.LVL58:
 166:Core/Src/step_motor.c ****     __HAL_TIM_SET_COUNTER(man->Slide_htim, 0);
 743              		.loc 1 166 5 discriminator 6 view .LVU184
 744 009c CB63     		str	r3, [r1, #60]
 745 009e CDE7     		b	.L60
 746              	.L69:
 747              		.align	2
 748              	.L68:
 749 00a0 00247449 		.word	1232348160
 750              		.cfi_endproc
 751              	.LFE145:
 753              		.global	one_step
 754              		.section	.rodata.one_step,"a"
 755              		.align	2
 758              	one_step:
 759 0000 1951F93D 		.word	1039749401
 760              		.global	man_range2
 761              		.section	.rodata.man_range2,"a"
 762              		.align	2
 765              	man_range2:
 766 0000 C8000000 		.word	200
 767              		.global	man_range1
 768              		.section	.rodata.man_range1,"a"
 769              		.align	2
 772              	man_range1:
 773 0000 64000000 		.word	100
 774              		.global	MY_PI
 775              		.section	.rodata.MY_PI,"a"
 776              		.align	3
 779              	MY_PI:
 780 0000 182D4454 		.word	1413754136
 781 0004 FB210940 		.word	1074340347
 782              		.text
 783              	.Letext0:
 784              		.file 2 "/usr/lib/gcc/arm-none-eabi/13.2.1/include/stdint.h"
 785              		.file 3 "Drivers/CMSIS/Device/ST/STM32F4xx/Include/stm32f407xx.h"
 786              		.file 4 "Drivers/STM32F4xx_HAL_Driver/Inc/stm32f4xx_hal_def.h"
 787              		.file 5 "Drivers/STM32F4xx_HAL_Driver/Inc/stm32f4xx_hal_gpio.h"
 788              		.file 6 "Drivers/STM32F4xx_HAL_Driver/Inc/stm32f4xx_hal_dma.h"
 789              		.file 7 "Drivers/STM32F4xx_HAL_Driver/Inc/stm32f4xx_hal_tim.h"
 790              		.file 8 "Core/Inc/step_motor.h"
 791              		.file 9 "/usr/include/newlib/stdio.h"
 792              		.file 10 "Drivers/STM32F4xx_HAL_Driver/Inc/stm32f4xx_hal.h"
ARM GAS  /tmp/ccvv8Eal.s 			page 18


DEFINED SYMBOLS
                            *ABS*:00000000 step_motor.c
     /tmp/ccvv8Eal.s:21     .text.step_motor_init:00000000 $t
     /tmp/ccvv8Eal.s:27     .text.step_motor_init:00000000 step_motor_init
     /tmp/ccvv8Eal.s:79     .text.step_motor_init:00000028 $d
     /tmp/ccvv8Eal.s:85     .text.start_step_motor:00000000 $t
     /tmp/ccvv8Eal.s:91     .text.start_step_motor:00000000 start_step_motor
     /tmp/ccvv8Eal.s:133    .text.stop_step_motor:00000000 $t
     /tmp/ccvv8Eal.s:139    .text.stop_step_motor:00000000 stop_step_motor
     /tmp/ccvv8Eal.s:181    .text.dir_and_move_step_motor:00000000 $t
     /tmp/ccvv8Eal.s:187    .text.dir_and_move_step_motor:00000000 dir_and_move_step_motor
     /tmp/ccvv8Eal.s:238    .text.which_man_range:00000000 $t
     /tmp/ccvv8Eal.s:244    .text.which_man_range:00000000 which_man_range
     /tmp/ccvv8Eal.s:296    .text.compute_man_location:00000000 $t
     /tmp/ccvv8Eal.s:302    .text.compute_man_location:00000000 compute_man_location
     /tmp/ccvv8Eal.s:342    .text.compute_man_location:00000038 $d
     /tmp/ccvv8Eal.s:347    .text.init_pid:00000000 $t
     /tmp/ccvv8Eal.s:353    .text.init_pid:00000000 init_pid
     /tmp/ccvv8Eal.s:416    .text.init_pid:00000034 $d
     /tmp/ccvv8Eal.s:425    .rodata.PI_Update.str1.4:00000000 $d
     /tmp/ccvv8Eal.s:430    .text.PI_Update:00000000 $t
     /tmp/ccvv8Eal.s:436    .text.PI_Update:00000000 PI_Update
     /tmp/ccvv8Eal.s:598    .text.PI_Update:000000d8 $d
     /tmp/ccvv8Eal.s:606    .text.Set_Step_Frequency:00000000 $t
     /tmp/ccvv8Eal.s:612    .text.Set_Step_Frequency:00000000 Set_Step_Frequency
     /tmp/ccvv8Eal.s:749    .text.Set_Step_Frequency:000000a0 $d
     /tmp/ccvv8Eal.s:758    .rodata.one_step:00000000 one_step
     /tmp/ccvv8Eal.s:755    .rodata.one_step:00000000 $d
     /tmp/ccvv8Eal.s:765    .rodata.man_range2:00000000 man_range2
     /tmp/ccvv8Eal.s:762    .rodata.man_range2:00000000 $d
     /tmp/ccvv8Eal.s:772    .rodata.man_range1:00000000 man_range1
     /tmp/ccvv8Eal.s:769    .rodata.man_range1:00000000 $d
     /tmp/ccvv8Eal.s:779    .rodata.MY_PI:00000000 MY_PI
     /tmp/ccvv8Eal.s:776    .rodata.MY_PI:00000000 $d

UNDEFINED SYMBOLS
HAL_TIM_Base_Start_IT
HAL_TIM_PWM_Start
HAL_TIM_Base_Stop_IT
HAL_TIM_PWM_Stop
HAL_GPIO_WritePin
HAL_GetTick
__aeabi_f2d
printf
