ARM GAS  /tmp/cc47qELK.s 			page 1


   1              		.cpu cortex-m4
   2              		.arch armv7e-m
   3              		.fpu fpv4-sp-d16
   4              		.eabi_attribute 27, 1
   5              		.eabi_attribute 28, 1
   6              		.eabi_attribute 20, 1
   7              		.eabi_attribute 21, 1
   8              		.eabi_attribute 23, 3
   9              		.eabi_attribute 24, 1
  10              		.eabi_attribute 25, 1
  11              		.eabi_attribute 26, 1
  12              		.eabi_attribute 30, 1
  13              		.eabi_attribute 34, 1
  14              		.eabi_attribute 18, 4
  15              		.file	"stm32f4xx_it.c"
  16              		.text
  17              	.Ltext0:
  18              		.cfi_sections	.debug_frame
  19              		.file 1 "Core/Src/stm32f4xx_it.c"
  20              		.section	.text.NMI_Handler,"ax",%progbits
  21              		.align	1
  22              		.global	NMI_Handler
  23              		.syntax unified
  24              		.thumb
  25              		.thumb_func
  27              	NMI_Handler:
  28              	.LFB134:
   1:Core/Src/stm32f4xx_it.c **** /* USER CODE BEGIN Header */
   2:Core/Src/stm32f4xx_it.c **** /**
   3:Core/Src/stm32f4xx_it.c ****   ******************************************************************************
   4:Core/Src/stm32f4xx_it.c ****   * @file    stm32f4xx_it.c
   5:Core/Src/stm32f4xx_it.c ****   * @brief   Interrupt Service Routines.
   6:Core/Src/stm32f4xx_it.c ****   ******************************************************************************
   7:Core/Src/stm32f4xx_it.c ****   * @attention
   8:Core/Src/stm32f4xx_it.c ****   *
   9:Core/Src/stm32f4xx_it.c ****   * Copyright (c) 2025 STMicroelectronics.
  10:Core/Src/stm32f4xx_it.c ****   * All rights reserved.
  11:Core/Src/stm32f4xx_it.c ****   *
  12:Core/Src/stm32f4xx_it.c ****   * This software is licensed under terms that can be found in the LICENSE file
  13:Core/Src/stm32f4xx_it.c ****   * in the root directory of this software component.
  14:Core/Src/stm32f4xx_it.c ****   * If no LICENSE file comes with this software, it is provided AS-IS.
  15:Core/Src/stm32f4xx_it.c ****   *
  16:Core/Src/stm32f4xx_it.c ****   ******************************************************************************
  17:Core/Src/stm32f4xx_it.c ****   */
  18:Core/Src/stm32f4xx_it.c **** /* USER CODE END Header */
  19:Core/Src/stm32f4xx_it.c **** 
  20:Core/Src/stm32f4xx_it.c **** /* Includes ------------------------------------------------------------------*/
  21:Core/Src/stm32f4xx_it.c **** #include "main.h"
  22:Core/Src/stm32f4xx_it.c **** #include "stm32f4xx_it.h"
  23:Core/Src/stm32f4xx_it.c **** /* Private includes ----------------------------------------------------------*/
  24:Core/Src/stm32f4xx_it.c **** /* USER CODE BEGIN Includes */
  25:Core/Src/stm32f4xx_it.c **** /* USER CODE END Includes */
  26:Core/Src/stm32f4xx_it.c **** 
  27:Core/Src/stm32f4xx_it.c **** /* Private typedef -----------------------------------------------------------*/
  28:Core/Src/stm32f4xx_it.c **** /* USER CODE BEGIN TD */
  29:Core/Src/stm32f4xx_it.c **** 
  30:Core/Src/stm32f4xx_it.c **** /* USER CODE END TD */
ARM GAS  /tmp/cc47qELK.s 			page 2


  31:Core/Src/stm32f4xx_it.c **** 
  32:Core/Src/stm32f4xx_it.c **** /* Private define ------------------------------------------------------------*/
  33:Core/Src/stm32f4xx_it.c **** /* USER CODE BEGIN PD */
  34:Core/Src/stm32f4xx_it.c **** 
  35:Core/Src/stm32f4xx_it.c **** /* USER CODE END PD */
  36:Core/Src/stm32f4xx_it.c **** 
  37:Core/Src/stm32f4xx_it.c **** /* Private macro -------------------------------------------------------------*/
  38:Core/Src/stm32f4xx_it.c **** /* USER CODE BEGIN PM */
  39:Core/Src/stm32f4xx_it.c **** 
  40:Core/Src/stm32f4xx_it.c **** /* USER CODE END PM */
  41:Core/Src/stm32f4xx_it.c **** 
  42:Core/Src/stm32f4xx_it.c **** /* Private variables ---------------------------------------------------------*/
  43:Core/Src/stm32f4xx_it.c **** /* USER CODE BEGIN PV */
  44:Core/Src/stm32f4xx_it.c **** 
  45:Core/Src/stm32f4xx_it.c **** /* USER CODE END PV */
  46:Core/Src/stm32f4xx_it.c **** 
  47:Core/Src/stm32f4xx_it.c **** /* Private function prototypes -----------------------------------------------*/
  48:Core/Src/stm32f4xx_it.c **** /* USER CODE BEGIN PFP */
  49:Core/Src/stm32f4xx_it.c **** 
  50:Core/Src/stm32f4xx_it.c **** /* USER CODE END PFP */
  51:Core/Src/stm32f4xx_it.c **** 
  52:Core/Src/stm32f4xx_it.c **** /* Private user code ---------------------------------------------------------*/
  53:Core/Src/stm32f4xx_it.c **** /* USER CODE BEGIN 0 */
  54:Core/Src/stm32f4xx_it.c **** 
  55:Core/Src/stm32f4xx_it.c **** /* USER CODE END 0 */
  56:Core/Src/stm32f4xx_it.c **** 
  57:Core/Src/stm32f4xx_it.c **** /* External variables --------------------------------------------------------*/
  58:Core/Src/stm32f4xx_it.c **** extern TIM_HandleTypeDef htim1;
  59:Core/Src/stm32f4xx_it.c **** extern TIM_HandleTypeDef htim2;
  60:Core/Src/stm32f4xx_it.c **** extern TIM_HandleTypeDef htim3;
  61:Core/Src/stm32f4xx_it.c **** extern TIM_HandleTypeDef htim4;
  62:Core/Src/stm32f4xx_it.c **** extern TIM_HandleTypeDef htim5;
  63:Core/Src/stm32f4xx_it.c **** extern TIM_HandleTypeDef htim8;
  64:Core/Src/stm32f4xx_it.c **** extern UART_HandleTypeDef huart1;
  65:Core/Src/stm32f4xx_it.c **** /* USER CODE BEGIN EV */
  66:Core/Src/stm32f4xx_it.c **** 
  67:Core/Src/stm32f4xx_it.c **** /* USER CODE END EV */
  68:Core/Src/stm32f4xx_it.c **** 
  69:Core/Src/stm32f4xx_it.c **** /******************************************************************************/
  70:Core/Src/stm32f4xx_it.c **** /*           Cortex-M4 Processor Interruption and Exception Handlers          */
  71:Core/Src/stm32f4xx_it.c **** /******************************************************************************/
  72:Core/Src/stm32f4xx_it.c **** /**
  73:Core/Src/stm32f4xx_it.c ****   * @brief This function handles Non maskable interrupt.
  74:Core/Src/stm32f4xx_it.c ****   */
  75:Core/Src/stm32f4xx_it.c **** void NMI_Handler(void)
  76:Core/Src/stm32f4xx_it.c **** {
  29              		.loc 1 76 1 view -0
  30              		.cfi_startproc
  31              		@ Volatile: function does not return.
  32              		@ args = 0, pretend = 0, frame = 0
  33              		@ frame_needed = 0, uses_anonymous_args = 0
  34              		@ link register save eliminated.
  35              	.L2:
  77:Core/Src/stm32f4xx_it.c ****   /* USER CODE BEGIN NonMaskableInt_IRQn 0 */
  78:Core/Src/stm32f4xx_it.c **** 
  79:Core/Src/stm32f4xx_it.c ****   /* USER CODE END NonMaskableInt_IRQn 0 */
  80:Core/Src/stm32f4xx_it.c ****   /* USER CODE BEGIN NonMaskableInt_IRQn 1 */
ARM GAS  /tmp/cc47qELK.s 			page 3


  81:Core/Src/stm32f4xx_it.c ****    while (1)
  36              		.loc 1 81 4 view .LVU1
  82:Core/Src/stm32f4xx_it.c ****   {
  83:Core/Src/stm32f4xx_it.c ****   }
  37              		.loc 1 83 3 view .LVU2
  81:Core/Src/stm32f4xx_it.c ****   {
  38              		.loc 1 81 10 view .LVU3
  39 0000 FEE7     		b	.L2
  40              		.cfi_endproc
  41              	.LFE134:
  43              		.section	.text.HardFault_Handler,"ax",%progbits
  44              		.align	1
  45              		.global	HardFault_Handler
  46              		.syntax unified
  47              		.thumb
  48              		.thumb_func
  50              	HardFault_Handler:
  51              	.LFB135:
  84:Core/Src/stm32f4xx_it.c ****   /* USER CODE END NonMaskableInt_IRQn 1 */
  85:Core/Src/stm32f4xx_it.c **** }
  86:Core/Src/stm32f4xx_it.c **** 
  87:Core/Src/stm32f4xx_it.c **** /**
  88:Core/Src/stm32f4xx_it.c ****   * @brief This function handles Hard fault interrupt.
  89:Core/Src/stm32f4xx_it.c ****   */
  90:Core/Src/stm32f4xx_it.c **** void HardFault_Handler(void)
  91:Core/Src/stm32f4xx_it.c **** {
  52              		.loc 1 91 1 view -0
  53              		.cfi_startproc
  54              		@ Volatile: function does not return.
  55              		@ args = 0, pretend = 0, frame = 0
  56              		@ frame_needed = 0, uses_anonymous_args = 0
  57              		@ link register save eliminated.
  58              	.L4:
  92:Core/Src/stm32f4xx_it.c ****   /* USER CODE BEGIN HardFault_IRQn 0 */
  93:Core/Src/stm32f4xx_it.c **** 
  94:Core/Src/stm32f4xx_it.c ****   /* USER CODE END HardFault_IRQn 0 */
  95:Core/Src/stm32f4xx_it.c ****   while (1)
  59              		.loc 1 95 3 view .LVU5
  96:Core/Src/stm32f4xx_it.c ****   {
  97:Core/Src/stm32f4xx_it.c ****     /* USER CODE BEGIN W1_HardFault_IRQn 0 */
  98:Core/Src/stm32f4xx_it.c ****     /* USER CODE END W1_HardFault_IRQn 0 */
  99:Core/Src/stm32f4xx_it.c ****   }
  60              		.loc 1 99 3 view .LVU6
  95:Core/Src/stm32f4xx_it.c ****   {
  61              		.loc 1 95 9 view .LVU7
  62 0000 FEE7     		b	.L4
  63              		.cfi_endproc
  64              	.LFE135:
  66              		.section	.text.MemManage_Handler,"ax",%progbits
  67              		.align	1
  68              		.global	MemManage_Handler
  69              		.syntax unified
  70              		.thumb
  71              		.thumb_func
  73              	MemManage_Handler:
  74              	.LFB136:
 100:Core/Src/stm32f4xx_it.c **** }
ARM GAS  /tmp/cc47qELK.s 			page 4


 101:Core/Src/stm32f4xx_it.c **** 
 102:Core/Src/stm32f4xx_it.c **** /**
 103:Core/Src/stm32f4xx_it.c ****   * @brief This function handles Memory management fault.
 104:Core/Src/stm32f4xx_it.c ****   */
 105:Core/Src/stm32f4xx_it.c **** void MemManage_Handler(void)
 106:Core/Src/stm32f4xx_it.c **** {
  75              		.loc 1 106 1 view -0
  76              		.cfi_startproc
  77              		@ Volatile: function does not return.
  78              		@ args = 0, pretend = 0, frame = 0
  79              		@ frame_needed = 0, uses_anonymous_args = 0
  80              		@ link register save eliminated.
  81              	.L6:
 107:Core/Src/stm32f4xx_it.c ****   /* USER CODE BEGIN MemoryManagement_IRQn 0 */
 108:Core/Src/stm32f4xx_it.c **** 
 109:Core/Src/stm32f4xx_it.c ****   /* USER CODE END MemoryManagement_IRQn 0 */
 110:Core/Src/stm32f4xx_it.c ****   while (1)
  82              		.loc 1 110 3 view .LVU9
 111:Core/Src/stm32f4xx_it.c ****   {
 112:Core/Src/stm32f4xx_it.c ****     /* USER CODE BEGIN W1_MemoryManagement_IRQn 0 */
 113:Core/Src/stm32f4xx_it.c ****     /* USER CODE END W1_MemoryManagement_IRQn 0 */
 114:Core/Src/stm32f4xx_it.c ****   }
  83              		.loc 1 114 3 view .LVU10
 110:Core/Src/stm32f4xx_it.c ****   {
  84              		.loc 1 110 9 view .LVU11
  85 0000 FEE7     		b	.L6
  86              		.cfi_endproc
  87              	.LFE136:
  89              		.section	.text.BusFault_Handler,"ax",%progbits
  90              		.align	1
  91              		.global	BusFault_Handler
  92              		.syntax unified
  93              		.thumb
  94              		.thumb_func
  96              	BusFault_Handler:
  97              	.LFB137:
 115:Core/Src/stm32f4xx_it.c **** }
 116:Core/Src/stm32f4xx_it.c **** 
 117:Core/Src/stm32f4xx_it.c **** /**
 118:Core/Src/stm32f4xx_it.c ****   * @brief This function handles Pre-fetch fault, memory access fault.
 119:Core/Src/stm32f4xx_it.c ****   */
 120:Core/Src/stm32f4xx_it.c **** void BusFault_Handler(void)
 121:Core/Src/stm32f4xx_it.c **** {
  98              		.loc 1 121 1 view -0
  99              		.cfi_startproc
 100              		@ Volatile: function does not return.
 101              		@ args = 0, pretend = 0, frame = 0
 102              		@ frame_needed = 0, uses_anonymous_args = 0
 103              		@ link register save eliminated.
 104              	.L8:
 122:Core/Src/stm32f4xx_it.c ****   /* USER CODE BEGIN BusFault_IRQn 0 */
 123:Core/Src/stm32f4xx_it.c **** 
 124:Core/Src/stm32f4xx_it.c ****   /* USER CODE END BusFault_IRQn 0 */
 125:Core/Src/stm32f4xx_it.c ****   while (1)
 105              		.loc 1 125 3 view .LVU13
 126:Core/Src/stm32f4xx_it.c ****   {
 127:Core/Src/stm32f4xx_it.c ****     /* USER CODE BEGIN W1_BusFault_IRQn 0 */
ARM GAS  /tmp/cc47qELK.s 			page 5


 128:Core/Src/stm32f4xx_it.c ****     /* USER CODE END W1_BusFault_IRQn 0 */
 129:Core/Src/stm32f4xx_it.c ****   }
 106              		.loc 1 129 3 view .LVU14
 125:Core/Src/stm32f4xx_it.c ****   {
 107              		.loc 1 125 9 view .LVU15
 108 0000 FEE7     		b	.L8
 109              		.cfi_endproc
 110              	.LFE137:
 112              		.section	.text.UsageFault_Handler,"ax",%progbits
 113              		.align	1
 114              		.global	UsageFault_Handler
 115              		.syntax unified
 116              		.thumb
 117              		.thumb_func
 119              	UsageFault_Handler:
 120              	.LFB138:
 130:Core/Src/stm32f4xx_it.c **** }
 131:Core/Src/stm32f4xx_it.c **** 
 132:Core/Src/stm32f4xx_it.c **** /**
 133:Core/Src/stm32f4xx_it.c ****   * @brief This function handles Undefined instruction or illegal state.
 134:Core/Src/stm32f4xx_it.c ****   */
 135:Core/Src/stm32f4xx_it.c **** void UsageFault_Handler(void)
 136:Core/Src/stm32f4xx_it.c **** {
 121              		.loc 1 136 1 view -0
 122              		.cfi_startproc
 123              		@ Volatile: function does not return.
 124              		@ args = 0, pretend = 0, frame = 0
 125              		@ frame_needed = 0, uses_anonymous_args = 0
 126              		@ link register save eliminated.
 127              	.L10:
 137:Core/Src/stm32f4xx_it.c ****   /* USER CODE BEGIN UsageFault_IRQn 0 */
 138:Core/Src/stm32f4xx_it.c **** 
 139:Core/Src/stm32f4xx_it.c ****   /* USER CODE END UsageFault_IRQn 0 */
 140:Core/Src/stm32f4xx_it.c ****   while (1)
 128              		.loc 1 140 3 view .LVU17
 141:Core/Src/stm32f4xx_it.c ****   {
 142:Core/Src/stm32f4xx_it.c ****     /* USER CODE BEGIN W1_UsageFault_IRQn 0 */
 143:Core/Src/stm32f4xx_it.c ****     /* USER CODE END W1_UsageFault_IRQn 0 */
 144:Core/Src/stm32f4xx_it.c ****   }
 129              		.loc 1 144 3 view .LVU18
 140:Core/Src/stm32f4xx_it.c ****   {
 130              		.loc 1 140 9 view .LVU19
 131 0000 FEE7     		b	.L10
 132              		.cfi_endproc
 133              	.LFE138:
 135              		.section	.text.SVC_Handler,"ax",%progbits
 136              		.align	1
 137              		.global	SVC_Handler
 138              		.syntax unified
 139              		.thumb
 140              		.thumb_func
 142              	SVC_Handler:
 143              	.LFB139:
 145:Core/Src/stm32f4xx_it.c **** }
 146:Core/Src/stm32f4xx_it.c **** 
 147:Core/Src/stm32f4xx_it.c **** /**
 148:Core/Src/stm32f4xx_it.c ****   * @brief This function handles System service call via SWI instruction.
ARM GAS  /tmp/cc47qELK.s 			page 6


 149:Core/Src/stm32f4xx_it.c ****   */
 150:Core/Src/stm32f4xx_it.c **** void SVC_Handler(void)
 151:Core/Src/stm32f4xx_it.c **** {
 144              		.loc 1 151 1 view -0
 145              		.cfi_startproc
 146              		@ args = 0, pretend = 0, frame = 0
 147              		@ frame_needed = 0, uses_anonymous_args = 0
 148              		@ link register save eliminated.
 152:Core/Src/stm32f4xx_it.c ****   /* USER CODE BEGIN SVCall_IRQn 0 */
 153:Core/Src/stm32f4xx_it.c **** 
 154:Core/Src/stm32f4xx_it.c ****   /* USER CODE END SVCall_IRQn 0 */
 155:Core/Src/stm32f4xx_it.c ****   /* USER CODE BEGIN SVCall_IRQn 1 */
 156:Core/Src/stm32f4xx_it.c **** 
 157:Core/Src/stm32f4xx_it.c ****   /* USER CODE END SVCall_IRQn 1 */
 158:Core/Src/stm32f4xx_it.c **** }
 149              		.loc 1 158 1 view .LVU21
 150 0000 7047     		bx	lr
 151              		.cfi_endproc
 152              	.LFE139:
 154              		.section	.text.DebugMon_Handler,"ax",%progbits
 155              		.align	1
 156              		.global	DebugMon_Handler
 157              		.syntax unified
 158              		.thumb
 159              		.thumb_func
 161              	DebugMon_Handler:
 162              	.LFB140:
 159:Core/Src/stm32f4xx_it.c **** 
 160:Core/Src/stm32f4xx_it.c **** /**
 161:Core/Src/stm32f4xx_it.c ****   * @brief This function handles Debug monitor.
 162:Core/Src/stm32f4xx_it.c ****   */
 163:Core/Src/stm32f4xx_it.c **** void DebugMon_Handler(void)
 164:Core/Src/stm32f4xx_it.c **** {
 163              		.loc 1 164 1 view -0
 164              		.cfi_startproc
 165              		@ args = 0, pretend = 0, frame = 0
 166              		@ frame_needed = 0, uses_anonymous_args = 0
 167              		@ link register save eliminated.
 165:Core/Src/stm32f4xx_it.c ****   /* USER CODE BEGIN DebugMonitor_IRQn 0 */
 166:Core/Src/stm32f4xx_it.c **** 
 167:Core/Src/stm32f4xx_it.c ****   /* USER CODE END DebugMonitor_IRQn 0 */
 168:Core/Src/stm32f4xx_it.c ****   /* USER CODE BEGIN DebugMonitor_IRQn 1 */
 169:Core/Src/stm32f4xx_it.c **** 
 170:Core/Src/stm32f4xx_it.c ****   /* USER CODE END DebugMonitor_IRQn 1 */
 171:Core/Src/stm32f4xx_it.c **** }
 168              		.loc 1 171 1 view .LVU23
 169 0000 7047     		bx	lr
 170              		.cfi_endproc
 171              	.LFE140:
 173              		.section	.text.PendSV_Handler,"ax",%progbits
 174              		.align	1
 175              		.global	PendSV_Handler
 176              		.syntax unified
 177              		.thumb
 178              		.thumb_func
 180              	PendSV_Handler:
 181              	.LFB141:
ARM GAS  /tmp/cc47qELK.s 			page 7


 172:Core/Src/stm32f4xx_it.c **** 
 173:Core/Src/stm32f4xx_it.c **** /**
 174:Core/Src/stm32f4xx_it.c ****   * @brief This function handles Pendable request for system service.
 175:Core/Src/stm32f4xx_it.c ****   */
 176:Core/Src/stm32f4xx_it.c **** void PendSV_Handler(void)
 177:Core/Src/stm32f4xx_it.c **** {
 182              		.loc 1 177 1 view -0
 183              		.cfi_startproc
 184              		@ args = 0, pretend = 0, frame = 0
 185              		@ frame_needed = 0, uses_anonymous_args = 0
 186              		@ link register save eliminated.
 178:Core/Src/stm32f4xx_it.c ****   /* USER CODE BEGIN PendSV_IRQn 0 */
 179:Core/Src/stm32f4xx_it.c **** 
 180:Core/Src/stm32f4xx_it.c ****   /* USER CODE END PendSV_IRQn 0 */
 181:Core/Src/stm32f4xx_it.c ****   /* USER CODE BEGIN PendSV_IRQn 1 */
 182:Core/Src/stm32f4xx_it.c **** 
 183:Core/Src/stm32f4xx_it.c ****   /* USER CODE END PendSV_IRQn 1 */
 184:Core/Src/stm32f4xx_it.c **** }
 187              		.loc 1 184 1 view .LVU25
 188 0000 7047     		bx	lr
 189              		.cfi_endproc
 190              	.LFE141:
 192              		.section	.text.SysTick_Handler,"ax",%progbits
 193              		.align	1
 194              		.global	SysTick_Handler
 195              		.syntax unified
 196              		.thumb
 197              		.thumb_func
 199              	SysTick_Handler:
 200              	.LFB142:
 185:Core/Src/stm32f4xx_it.c **** 
 186:Core/Src/stm32f4xx_it.c **** /**
 187:Core/Src/stm32f4xx_it.c ****   * @brief This function handles System tick timer.
 188:Core/Src/stm32f4xx_it.c ****   */
 189:Core/Src/stm32f4xx_it.c **** void SysTick_Handler(void)
 190:Core/Src/stm32f4xx_it.c **** {
 201              		.loc 1 190 1 view -0
 202              		.cfi_startproc
 203              		@ args = 0, pretend = 0, frame = 0
 204              		@ frame_needed = 0, uses_anonymous_args = 0
 205 0000 08B5     		push	{r3, lr}
 206              	.LCFI0:
 207              		.cfi_def_cfa_offset 8
 208              		.cfi_offset 3, -8
 209              		.cfi_offset 14, -4
 191:Core/Src/stm32f4xx_it.c ****   /* USER CODE BEGIN SysTick_IRQn 0 */
 192:Core/Src/stm32f4xx_it.c **** 
 193:Core/Src/stm32f4xx_it.c ****   /* USER CODE END SysTick_IRQn 0 */
 194:Core/Src/stm32f4xx_it.c ****   HAL_IncTick();
 210              		.loc 1 194 3 view .LVU27
 211 0002 FFF7FEFF 		bl	HAL_IncTick
 212              	.LVL0:
 195:Core/Src/stm32f4xx_it.c ****   /* USER CODE BEGIN SysTick_IRQn 1 */
 196:Core/Src/stm32f4xx_it.c **** 
 197:Core/Src/stm32f4xx_it.c ****   /* USER CODE END SysTick_IRQn 1 */
 198:Core/Src/stm32f4xx_it.c **** }
 213              		.loc 1 198 1 is_stmt 0 view .LVU28
ARM GAS  /tmp/cc47qELK.s 			page 8


 214 0006 08BD     		pop	{r3, pc}
 215              		.cfi_endproc
 216              	.LFE142:
 218              		.section	.text.EXTI0_IRQHandler,"ax",%progbits
 219              		.align	1
 220              		.global	EXTI0_IRQHandler
 221              		.syntax unified
 222              		.thumb
 223              		.thumb_func
 225              	EXTI0_IRQHandler:
 226              	.LFB143:
 199:Core/Src/stm32f4xx_it.c **** 
 200:Core/Src/stm32f4xx_it.c **** /******************************************************************************/
 201:Core/Src/stm32f4xx_it.c **** /* STM32F4xx Peripheral Interrupt Handlers                                    */
 202:Core/Src/stm32f4xx_it.c **** /* Add here the Interrupt Handlers for the used peripherals.                  */
 203:Core/Src/stm32f4xx_it.c **** /* For the available peripheral interrupt handler names,                      */
 204:Core/Src/stm32f4xx_it.c **** /* please refer to the startup file (startup_stm32f4xx.s).                    */
 205:Core/Src/stm32f4xx_it.c **** /******************************************************************************/
 206:Core/Src/stm32f4xx_it.c **** 
 207:Core/Src/stm32f4xx_it.c **** /**
 208:Core/Src/stm32f4xx_it.c ****   * @brief This function handles EXTI line0 interrupt.
 209:Core/Src/stm32f4xx_it.c ****   */
 210:Core/Src/stm32f4xx_it.c **** void EXTI0_IRQHandler(void)
 211:Core/Src/stm32f4xx_it.c **** {
 227              		.loc 1 211 1 is_stmt 1 view -0
 228              		.cfi_startproc
 229              		@ args = 0, pretend = 0, frame = 0
 230              		@ frame_needed = 0, uses_anonymous_args = 0
 231 0000 08B5     		push	{r3, lr}
 232              	.LCFI1:
 233              		.cfi_def_cfa_offset 8
 234              		.cfi_offset 3, -8
 235              		.cfi_offset 14, -4
 212:Core/Src/stm32f4xx_it.c ****   /* USER CODE BEGIN EXTI0_IRQn 0 */
 213:Core/Src/stm32f4xx_it.c **** 
 214:Core/Src/stm32f4xx_it.c ****   /* USER CODE END EXTI0_IRQn 0 */
 215:Core/Src/stm32f4xx_it.c ****   HAL_GPIO_EXTI_IRQHandler(GPIO_PIN_0);
 236              		.loc 1 215 3 view .LVU30
 237 0002 0120     		movs	r0, #1
 238 0004 FFF7FEFF 		bl	HAL_GPIO_EXTI_IRQHandler
 239              	.LVL1:
 216:Core/Src/stm32f4xx_it.c ****   /* USER CODE BEGIN EXTI0_IRQn 1 */
 217:Core/Src/stm32f4xx_it.c **** 
 218:Core/Src/stm32f4xx_it.c ****   /* USER CODE END EXTI0_IRQn 1 */
 219:Core/Src/stm32f4xx_it.c **** }
 240              		.loc 1 219 1 is_stmt 0 view .LVU31
 241 0008 08BD     		pop	{r3, pc}
 242              		.cfi_endproc
 243              	.LFE143:
 245              		.section	.text.EXTI1_IRQHandler,"ax",%progbits
 246              		.align	1
 247              		.global	EXTI1_IRQHandler
 248              		.syntax unified
 249              		.thumb
 250              		.thumb_func
 252              	EXTI1_IRQHandler:
 253              	.LFB144:
ARM GAS  /tmp/cc47qELK.s 			page 9


 220:Core/Src/stm32f4xx_it.c **** 
 221:Core/Src/stm32f4xx_it.c **** /**
 222:Core/Src/stm32f4xx_it.c ****   * @brief This function handles EXTI line1 interrupt.
 223:Core/Src/stm32f4xx_it.c ****   */
 224:Core/Src/stm32f4xx_it.c **** void EXTI1_IRQHandler(void)
 225:Core/Src/stm32f4xx_it.c **** {
 254              		.loc 1 225 1 is_stmt 1 view -0
 255              		.cfi_startproc
 256              		@ args = 0, pretend = 0, frame = 0
 257              		@ frame_needed = 0, uses_anonymous_args = 0
 258 0000 08B5     		push	{r3, lr}
 259              	.LCFI2:
 260              		.cfi_def_cfa_offset 8
 261              		.cfi_offset 3, -8
 262              		.cfi_offset 14, -4
 226:Core/Src/stm32f4xx_it.c ****   /* USER CODE BEGIN EXTI1_IRQn 0 */
 227:Core/Src/stm32f4xx_it.c **** 
 228:Core/Src/stm32f4xx_it.c ****   /* USER CODE END EXTI1_IRQn 0 */
 229:Core/Src/stm32f4xx_it.c ****   HAL_GPIO_EXTI_IRQHandler(GPIO_PIN_1);
 263              		.loc 1 229 3 view .LVU33
 264 0002 0220     		movs	r0, #2
 265 0004 FFF7FEFF 		bl	HAL_GPIO_EXTI_IRQHandler
 266              	.LVL2:
 230:Core/Src/stm32f4xx_it.c ****   /* USER CODE BEGIN EXTI1_IRQn 1 */
 231:Core/Src/stm32f4xx_it.c **** 
 232:Core/Src/stm32f4xx_it.c ****   /* USER CODE END EXTI1_IRQn 1 */
 233:Core/Src/stm32f4xx_it.c **** }
 267              		.loc 1 233 1 is_stmt 0 view .LVU34
 268 0008 08BD     		pop	{r3, pc}
 269              		.cfi_endproc
 270              	.LFE144:
 272              		.section	.text.EXTI2_IRQHandler,"ax",%progbits
 273              		.align	1
 274              		.global	EXTI2_IRQHandler
 275              		.syntax unified
 276              		.thumb
 277              		.thumb_func
 279              	EXTI2_IRQHandler:
 280              	.LFB145:
 234:Core/Src/stm32f4xx_it.c **** 
 235:Core/Src/stm32f4xx_it.c **** /**
 236:Core/Src/stm32f4xx_it.c ****   * @brief This function handles EXTI line2 interrupt.
 237:Core/Src/stm32f4xx_it.c ****   */
 238:Core/Src/stm32f4xx_it.c **** void EXTI2_IRQHandler(void)
 239:Core/Src/stm32f4xx_it.c **** {
 281              		.loc 1 239 1 is_stmt 1 view -0
 282              		.cfi_startproc
 283              		@ args = 0, pretend = 0, frame = 0
 284              		@ frame_needed = 0, uses_anonymous_args = 0
 285 0000 08B5     		push	{r3, lr}
 286              	.LCFI3:
 287              		.cfi_def_cfa_offset 8
 288              		.cfi_offset 3, -8
 289              		.cfi_offset 14, -4
 240:Core/Src/stm32f4xx_it.c ****   /* USER CODE BEGIN EXTI2_IRQn 0 */
 241:Core/Src/stm32f4xx_it.c **** 
 242:Core/Src/stm32f4xx_it.c ****   /* USER CODE END EXTI2_IRQn 0 */
ARM GAS  /tmp/cc47qELK.s 			page 10


 243:Core/Src/stm32f4xx_it.c ****   HAL_GPIO_EXTI_IRQHandler(GPIO_PIN_2);
 290              		.loc 1 243 3 view .LVU36
 291 0002 0420     		movs	r0, #4
 292 0004 FFF7FEFF 		bl	HAL_GPIO_EXTI_IRQHandler
 293              	.LVL3:
 244:Core/Src/stm32f4xx_it.c ****   /* USER CODE BEGIN EXTI2_IRQn 1 */
 245:Core/Src/stm32f4xx_it.c **** 
 246:Core/Src/stm32f4xx_it.c ****   /* USER CODE END EXTI2_IRQn 1 */
 247:Core/Src/stm32f4xx_it.c **** }
 294              		.loc 1 247 1 is_stmt 0 view .LVU37
 295 0008 08BD     		pop	{r3, pc}
 296              		.cfi_endproc
 297              	.LFE145:
 299              		.section	.text.TIM1_UP_TIM10_IRQHandler,"ax",%progbits
 300              		.align	1
 301              		.global	TIM1_UP_TIM10_IRQHandler
 302              		.syntax unified
 303              		.thumb
 304              		.thumb_func
 306              	TIM1_UP_TIM10_IRQHandler:
 307              	.LFB146:
 248:Core/Src/stm32f4xx_it.c **** 
 249:Core/Src/stm32f4xx_it.c **** /**
 250:Core/Src/stm32f4xx_it.c ****   * @brief This function handles TIM1 update interrupt and TIM10 global interrupt.
 251:Core/Src/stm32f4xx_it.c ****   */
 252:Core/Src/stm32f4xx_it.c **** void TIM1_UP_TIM10_IRQHandler(void)
 253:Core/Src/stm32f4xx_it.c **** {
 308              		.loc 1 253 1 is_stmt 1 view -0
 309              		.cfi_startproc
 310              		@ args = 0, pretend = 0, frame = 0
 311              		@ frame_needed = 0, uses_anonymous_args = 0
 312 0000 08B5     		push	{r3, lr}
 313              	.LCFI4:
 314              		.cfi_def_cfa_offset 8
 315              		.cfi_offset 3, -8
 316              		.cfi_offset 14, -4
 254:Core/Src/stm32f4xx_it.c ****   /* USER CODE BEGIN TIM1_UP_TIM10_IRQn 0 */
 255:Core/Src/stm32f4xx_it.c **** 
 256:Core/Src/stm32f4xx_it.c ****   /* USER CODE END TIM1_UP_TIM10_IRQn 0 */
 257:Core/Src/stm32f4xx_it.c ****   HAL_TIM_IRQHandler(&htim1);
 317              		.loc 1 257 3 view .LVU39
 318 0002 0248     		ldr	r0, .L24
 319 0004 FFF7FEFF 		bl	HAL_TIM_IRQHandler
 320              	.LVL4:
 258:Core/Src/stm32f4xx_it.c ****   /* USER CODE BEGIN TIM1_UP_TIM10_IRQn 1 */
 259:Core/Src/stm32f4xx_it.c **** 
 260:Core/Src/stm32f4xx_it.c ****   /* USER CODE END TIM1_UP_TIM10_IRQn 1 */
 261:Core/Src/stm32f4xx_it.c **** }
 321              		.loc 1 261 1 is_stmt 0 view .LVU40
 322 0008 08BD     		pop	{r3, pc}
 323              	.L25:
 324 000a 00BF     		.align	2
 325              	.L24:
 326 000c 00000000 		.word	htim1
 327              		.cfi_endproc
 328              	.LFE146:
 330              		.section	.text.TIM2_IRQHandler,"ax",%progbits
ARM GAS  /tmp/cc47qELK.s 			page 11


 331              		.align	1
 332              		.global	TIM2_IRQHandler
 333              		.syntax unified
 334              		.thumb
 335              		.thumb_func
 337              	TIM2_IRQHandler:
 338              	.LFB147:
 262:Core/Src/stm32f4xx_it.c **** 
 263:Core/Src/stm32f4xx_it.c **** /**
 264:Core/Src/stm32f4xx_it.c ****   * @brief This function handles TIM2 global interrupt.
 265:Core/Src/stm32f4xx_it.c ****   */
 266:Core/Src/stm32f4xx_it.c **** void TIM2_IRQHandler(void)
 267:Core/Src/stm32f4xx_it.c **** {
 339              		.loc 1 267 1 is_stmt 1 view -0
 340              		.cfi_startproc
 341              		@ args = 0, pretend = 0, frame = 0
 342              		@ frame_needed = 0, uses_anonymous_args = 0
 343 0000 08B5     		push	{r3, lr}
 344              	.LCFI5:
 345              		.cfi_def_cfa_offset 8
 346              		.cfi_offset 3, -8
 347              		.cfi_offset 14, -4
 268:Core/Src/stm32f4xx_it.c ****   /* USER CODE BEGIN TIM2_IRQn 0 */
 269:Core/Src/stm32f4xx_it.c **** 
 270:Core/Src/stm32f4xx_it.c ****   /* USER CODE END TIM2_IRQn 0 */
 271:Core/Src/stm32f4xx_it.c ****   HAL_TIM_IRQHandler(&htim2);
 348              		.loc 1 271 3 view .LVU42
 349 0002 0248     		ldr	r0, .L28
 350 0004 FFF7FEFF 		bl	HAL_TIM_IRQHandler
 351              	.LVL5:
 272:Core/Src/stm32f4xx_it.c ****   /* USER CODE BEGIN TIM2_IRQn 1 */
 273:Core/Src/stm32f4xx_it.c **** 
 274:Core/Src/stm32f4xx_it.c ****   /* USER CODE END TIM2_IRQn 1 */
 275:Core/Src/stm32f4xx_it.c **** }
 352              		.loc 1 275 1 is_stmt 0 view .LVU43
 353 0008 08BD     		pop	{r3, pc}
 354              	.L29:
 355 000a 00BF     		.align	2
 356              	.L28:
 357 000c 00000000 		.word	htim2
 358              		.cfi_endproc
 359              	.LFE147:
 361              		.section	.text.TIM3_IRQHandler,"ax",%progbits
 362              		.align	1
 363              		.global	TIM3_IRQHandler
 364              		.syntax unified
 365              		.thumb
 366              		.thumb_func
 368              	TIM3_IRQHandler:
 369              	.LFB148:
 276:Core/Src/stm32f4xx_it.c **** 
 277:Core/Src/stm32f4xx_it.c **** /**
 278:Core/Src/stm32f4xx_it.c ****   * @brief This function handles TIM3 global interrupt.
 279:Core/Src/stm32f4xx_it.c ****   */
 280:Core/Src/stm32f4xx_it.c **** void TIM3_IRQHandler(void)
 281:Core/Src/stm32f4xx_it.c **** {
 370              		.loc 1 281 1 is_stmt 1 view -0
ARM GAS  /tmp/cc47qELK.s 			page 12


 371              		.cfi_startproc
 372              		@ args = 0, pretend = 0, frame = 0
 373              		@ frame_needed = 0, uses_anonymous_args = 0
 374 0000 08B5     		push	{r3, lr}
 375              	.LCFI6:
 376              		.cfi_def_cfa_offset 8
 377              		.cfi_offset 3, -8
 378              		.cfi_offset 14, -4
 282:Core/Src/stm32f4xx_it.c ****   /* USER CODE BEGIN TIM3_IRQn 0 */
 283:Core/Src/stm32f4xx_it.c **** 
 284:Core/Src/stm32f4xx_it.c ****   /* USER CODE END TIM3_IRQn 0 */
 285:Core/Src/stm32f4xx_it.c ****   HAL_TIM_IRQHandler(&htim3);
 379              		.loc 1 285 3 view .LVU45
 380 0002 0248     		ldr	r0, .L32
 381 0004 FFF7FEFF 		bl	HAL_TIM_IRQHandler
 382              	.LVL6:
 286:Core/Src/stm32f4xx_it.c ****   /* USER CODE BEGIN TIM3_IRQn 1 */
 287:Core/Src/stm32f4xx_it.c **** 
 288:Core/Src/stm32f4xx_it.c ****   /* USER CODE END TIM3_IRQn 1 */
 289:Core/Src/stm32f4xx_it.c **** }
 383              		.loc 1 289 1 is_stmt 0 view .LVU46
 384 0008 08BD     		pop	{r3, pc}
 385              	.L33:
 386 000a 00BF     		.align	2
 387              	.L32:
 388 000c 00000000 		.word	htim3
 389              		.cfi_endproc
 390              	.LFE148:
 392              		.section	.text.TIM4_IRQHandler,"ax",%progbits
 393              		.align	1
 394              		.global	TIM4_IRQHandler
 395              		.syntax unified
 396              		.thumb
 397              		.thumb_func
 399              	TIM4_IRQHandler:
 400              	.LFB149:
 290:Core/Src/stm32f4xx_it.c **** 
 291:Core/Src/stm32f4xx_it.c **** /**
 292:Core/Src/stm32f4xx_it.c ****   * @brief This function handles TIM4 global interrupt.
 293:Core/Src/stm32f4xx_it.c ****   */
 294:Core/Src/stm32f4xx_it.c **** void TIM4_IRQHandler(void)
 295:Core/Src/stm32f4xx_it.c **** {
 401              		.loc 1 295 1 is_stmt 1 view -0
 402              		.cfi_startproc
 403              		@ args = 0, pretend = 0, frame = 0
 404              		@ frame_needed = 0, uses_anonymous_args = 0
 405 0000 08B5     		push	{r3, lr}
 406              	.LCFI7:
 407              		.cfi_def_cfa_offset 8
 408              		.cfi_offset 3, -8
 409              		.cfi_offset 14, -4
 296:Core/Src/stm32f4xx_it.c ****   /* USER CODE BEGIN TIM4_IRQn 0 */
 297:Core/Src/stm32f4xx_it.c **** 
 298:Core/Src/stm32f4xx_it.c ****   /* USER CODE END TIM4_IRQn 0 */
 299:Core/Src/stm32f4xx_it.c ****   HAL_TIM_IRQHandler(&htim4);
 410              		.loc 1 299 3 view .LVU48
 411 0002 0248     		ldr	r0, .L36
ARM GAS  /tmp/cc47qELK.s 			page 13


 412 0004 FFF7FEFF 		bl	HAL_TIM_IRQHandler
 413              	.LVL7:
 300:Core/Src/stm32f4xx_it.c ****   /* USER CODE BEGIN TIM4_IRQn 1 */
 301:Core/Src/stm32f4xx_it.c **** 
 302:Core/Src/stm32f4xx_it.c ****   /* USER CODE END TIM4_IRQn 1 */
 303:Core/Src/stm32f4xx_it.c **** }
 414              		.loc 1 303 1 is_stmt 0 view .LVU49
 415 0008 08BD     		pop	{r3, pc}
 416              	.L37:
 417 000a 00BF     		.align	2
 418              	.L36:
 419 000c 00000000 		.word	htim4
 420              		.cfi_endproc
 421              	.LFE149:
 423              		.section	.text.USART1_IRQHandler,"ax",%progbits
 424              		.align	1
 425              		.global	USART1_IRQHandler
 426              		.syntax unified
 427              		.thumb
 428              		.thumb_func
 430              	USART1_IRQHandler:
 431              	.LFB150:
 304:Core/Src/stm32f4xx_it.c **** 
 305:Core/Src/stm32f4xx_it.c **** /**
 306:Core/Src/stm32f4xx_it.c ****   * @brief This function handles USART1 global interrupt.
 307:Core/Src/stm32f4xx_it.c ****   */
 308:Core/Src/stm32f4xx_it.c **** void USART1_IRQHandler(void)
 309:Core/Src/stm32f4xx_it.c **** {
 432              		.loc 1 309 1 is_stmt 1 view -0
 433              		.cfi_startproc
 434              		@ args = 0, pretend = 0, frame = 0
 435              		@ frame_needed = 0, uses_anonymous_args = 0
 436 0000 08B5     		push	{r3, lr}
 437              	.LCFI8:
 438              		.cfi_def_cfa_offset 8
 439              		.cfi_offset 3, -8
 440              		.cfi_offset 14, -4
 310:Core/Src/stm32f4xx_it.c ****   /* USER CODE BEGIN USART1_IRQn 0 */
 311:Core/Src/stm32f4xx_it.c **** 
 312:Core/Src/stm32f4xx_it.c ****   /* USER CODE END USART1_IRQn 0 */
 313:Core/Src/stm32f4xx_it.c ****   HAL_UART_IRQHandler(&huart1);
 441              		.loc 1 313 3 view .LVU51
 442 0002 0248     		ldr	r0, .L40
 443 0004 FFF7FEFF 		bl	HAL_UART_IRQHandler
 444              	.LVL8:
 314:Core/Src/stm32f4xx_it.c ****   /* USER CODE BEGIN USART1_IRQn 1 */
 315:Core/Src/stm32f4xx_it.c **** 
 316:Core/Src/stm32f4xx_it.c ****   /* USER CODE END USART1_IRQn 1 */
 317:Core/Src/stm32f4xx_it.c **** }
 445              		.loc 1 317 1 is_stmt 0 view .LVU52
 446 0008 08BD     		pop	{r3, pc}
 447              	.L41:
 448 000a 00BF     		.align	2
 449              	.L40:
 450 000c 00000000 		.word	huart1
 451              		.cfi_endproc
 452              	.LFE150:
ARM GAS  /tmp/cc47qELK.s 			page 14


 454              		.section	.text.TIM8_UP_TIM13_IRQHandler,"ax",%progbits
 455              		.align	1
 456              		.global	TIM8_UP_TIM13_IRQHandler
 457              		.syntax unified
 458              		.thumb
 459              		.thumb_func
 461              	TIM8_UP_TIM13_IRQHandler:
 462              	.LFB151:
 318:Core/Src/stm32f4xx_it.c **** 
 319:Core/Src/stm32f4xx_it.c **** /**
 320:Core/Src/stm32f4xx_it.c ****   * @brief This function handles TIM8 update interrupt and TIM13 global interrupt.
 321:Core/Src/stm32f4xx_it.c ****   */
 322:Core/Src/stm32f4xx_it.c **** void TIM8_UP_TIM13_IRQHandler(void)
 323:Core/Src/stm32f4xx_it.c **** {
 463              		.loc 1 323 1 is_stmt 1 view -0
 464              		.cfi_startproc
 465              		@ args = 0, pretend = 0, frame = 0
 466              		@ frame_needed = 0, uses_anonymous_args = 0
 467 0000 08B5     		push	{r3, lr}
 468              	.LCFI9:
 469              		.cfi_def_cfa_offset 8
 470              		.cfi_offset 3, -8
 471              		.cfi_offset 14, -4
 324:Core/Src/stm32f4xx_it.c ****   /* USER CODE BEGIN TIM8_UP_TIM13_IRQn 0 */
 325:Core/Src/stm32f4xx_it.c **** 
 326:Core/Src/stm32f4xx_it.c ****   /* USER CODE END TIM8_UP_TIM13_IRQn 0 */
 327:Core/Src/stm32f4xx_it.c ****   HAL_TIM_IRQHandler(&htim8);
 472              		.loc 1 327 3 view .LVU54
 473 0002 0248     		ldr	r0, .L44
 474 0004 FFF7FEFF 		bl	HAL_TIM_IRQHandler
 475              	.LVL9:
 328:Core/Src/stm32f4xx_it.c ****   /* USER CODE BEGIN TIM8_UP_TIM13_IRQn 1 */
 329:Core/Src/stm32f4xx_it.c **** 
 330:Core/Src/stm32f4xx_it.c ****   /* USER CODE END TIM8_UP_TIM13_IRQn 1 */
 331:Core/Src/stm32f4xx_it.c **** }
 476              		.loc 1 331 1 is_stmt 0 view .LVU55
 477 0008 08BD     		pop	{r3, pc}
 478              	.L45:
 479 000a 00BF     		.align	2
 480              	.L44:
 481 000c 00000000 		.word	htim8
 482              		.cfi_endproc
 483              	.LFE151:
 485              		.section	.text.TIM5_IRQHandler,"ax",%progbits
 486              		.align	1
 487              		.global	TIM5_IRQHandler
 488              		.syntax unified
 489              		.thumb
 490              		.thumb_func
 492              	TIM5_IRQHandler:
 493              	.LFB152:
 332:Core/Src/stm32f4xx_it.c **** 
 333:Core/Src/stm32f4xx_it.c **** /**
 334:Core/Src/stm32f4xx_it.c ****   * @brief This function handles TIM5 global interrupt.
 335:Core/Src/stm32f4xx_it.c ****   */
 336:Core/Src/stm32f4xx_it.c **** void TIM5_IRQHandler(void)
 337:Core/Src/stm32f4xx_it.c **** {
ARM GAS  /tmp/cc47qELK.s 			page 15


 494              		.loc 1 337 1 is_stmt 1 view -0
 495              		.cfi_startproc
 496              		@ args = 0, pretend = 0, frame = 0
 497              		@ frame_needed = 0, uses_anonymous_args = 0
 498 0000 08B5     		push	{r3, lr}
 499              	.LCFI10:
 500              		.cfi_def_cfa_offset 8
 501              		.cfi_offset 3, -8
 502              		.cfi_offset 14, -4
 338:Core/Src/stm32f4xx_it.c ****   /* USER CODE BEGIN TIM5_IRQn 0 */
 339:Core/Src/stm32f4xx_it.c **** 
 340:Core/Src/stm32f4xx_it.c ****   /* USER CODE END TIM5_IRQn 0 */
 341:Core/Src/stm32f4xx_it.c ****   HAL_TIM_IRQHandler(&htim5);
 503              		.loc 1 341 3 view .LVU57
 504 0002 0248     		ldr	r0, .L48
 505 0004 FFF7FEFF 		bl	HAL_TIM_IRQHandler
 506              	.LVL10:
 342:Core/Src/stm32f4xx_it.c ****   /* USER CODE BEGIN TIM5_IRQn 1 */
 343:Core/Src/stm32f4xx_it.c **** 
 344:Core/Src/stm32f4xx_it.c ****   /* USER CODE END TIM5_IRQn 1 */
 345:Core/Src/stm32f4xx_it.c **** }
 507              		.loc 1 345 1 is_stmt 0 view .LVU58
 508 0008 08BD     		pop	{r3, pc}
 509              	.L49:
 510 000a 00BF     		.align	2
 511              	.L48:
 512 000c 00000000 		.word	htim5
 513              		.cfi_endproc
 514              	.LFE152:
 516              		.text
 517              	.Letext0:
 518              		.file 2 "/usr/lib/gcc/arm-none-eabi/13.2.1/include/stdint.h"
 519              		.file 3 "Drivers/CMSIS/Device/ST/STM32F4xx/Include/stm32f407xx.h"
 520              		.file 4 "Drivers/STM32F4xx_HAL_Driver/Inc/stm32f4xx_hal_def.h"
 521              		.file 5 "Drivers/STM32F4xx_HAL_Driver/Inc/stm32f4xx_hal_dma.h"
 522              		.file 6 "Drivers/STM32F4xx_HAL_Driver/Inc/stm32f4xx_hal_tim.h"
 523              		.file 7 "Drivers/STM32F4xx_HAL_Driver/Inc/stm32f4xx_hal_uart.h"
 524              		.file 8 "Drivers/STM32F4xx_HAL_Driver/Inc/stm32f4xx_hal_gpio.h"
 525              		.file 9 "Drivers/STM32F4xx_HAL_Driver/Inc/stm32f4xx_hal.h"
ARM GAS  /tmp/cc47qELK.s 			page 16


DEFINED SYMBOLS
                            *ABS*:00000000 stm32f4xx_it.c
     /tmp/cc47qELK.s:21     .text.NMI_Handler:00000000 $t
     /tmp/cc47qELK.s:27     .text.NMI_Handler:00000000 NMI_Handler
     /tmp/cc47qELK.s:44     .text.HardFault_Handler:00000000 $t
     /tmp/cc47qELK.s:50     .text.HardFault_Handler:00000000 HardFault_Handler
     /tmp/cc47qELK.s:67     .text.MemManage_Handler:00000000 $t
     /tmp/cc47qELK.s:73     .text.MemManage_Handler:00000000 MemManage_Handler
     /tmp/cc47qELK.s:90     .text.BusFault_Handler:00000000 $t
     /tmp/cc47qELK.s:96     .text.BusFault_Handler:00000000 BusFault_Handler
     /tmp/cc47qELK.s:113    .text.UsageFault_Handler:00000000 $t
     /tmp/cc47qELK.s:119    .text.UsageFault_Handler:00000000 UsageFault_Handler
     /tmp/cc47qELK.s:136    .text.SVC_Handler:00000000 $t
     /tmp/cc47qELK.s:142    .text.SVC_Handler:00000000 SVC_Handler
     /tmp/cc47qELK.s:155    .text.DebugMon_Handler:00000000 $t
     /tmp/cc47qELK.s:161    .text.DebugMon_Handler:00000000 DebugMon_Handler
     /tmp/cc47qELK.s:174    .text.PendSV_Handler:00000000 $t
     /tmp/cc47qELK.s:180    .text.PendSV_Handler:00000000 PendSV_Handler
     /tmp/cc47qELK.s:193    .text.SysTick_Handler:00000000 $t
     /tmp/cc47qELK.s:199    .text.SysTick_Handler:00000000 SysTick_Handler
     /tmp/cc47qELK.s:219    .text.EXTI0_IRQHandler:00000000 $t
     /tmp/cc47qELK.s:225    .text.EXTI0_IRQHandler:00000000 EXTI0_IRQHandler
     /tmp/cc47qELK.s:246    .text.EXTI1_IRQHandler:00000000 $t
     /tmp/cc47qELK.s:252    .text.EXTI1_IRQHandler:00000000 EXTI1_IRQHandler
     /tmp/cc47qELK.s:273    .text.EXTI2_IRQHandler:00000000 $t
     /tmp/cc47qELK.s:279    .text.EXTI2_IRQHandler:00000000 EXTI2_IRQHandler
     /tmp/cc47qELK.s:300    .text.TIM1_UP_TIM10_IRQHandler:00000000 $t
     /tmp/cc47qELK.s:306    .text.TIM1_UP_TIM10_IRQHandler:00000000 TIM1_UP_TIM10_IRQHandler
     /tmp/cc47qELK.s:326    .text.TIM1_UP_TIM10_IRQHandler:0000000c $d
     /tmp/cc47qELK.s:331    .text.TIM2_IRQHandler:00000000 $t
     /tmp/cc47qELK.s:337    .text.TIM2_IRQHandler:00000000 TIM2_IRQHandler
     /tmp/cc47qELK.s:357    .text.TIM2_IRQHandler:0000000c $d
     /tmp/cc47qELK.s:362    .text.TIM3_IRQHandler:00000000 $t
     /tmp/cc47qELK.s:368    .text.TIM3_IRQHandler:00000000 TIM3_IRQHandler
     /tmp/cc47qELK.s:388    .text.TIM3_IRQHandler:0000000c $d
     /tmp/cc47qELK.s:393    .text.TIM4_IRQHandler:00000000 $t
     /tmp/cc47qELK.s:399    .text.TIM4_IRQHandler:00000000 TIM4_IRQHandler
     /tmp/cc47qELK.s:419    .text.TIM4_IRQHandler:0000000c $d
     /tmp/cc47qELK.s:424    .text.USART1_IRQHandler:00000000 $t
     /tmp/cc47qELK.s:430    .text.USART1_IRQHandler:00000000 USART1_IRQHandler
     /tmp/cc47qELK.s:450    .text.USART1_IRQHandler:0000000c $d
     /tmp/cc47qELK.s:455    .text.TIM8_UP_TIM13_IRQHandler:00000000 $t
     /tmp/cc47qELK.s:461    .text.TIM8_UP_TIM13_IRQHandler:00000000 TIM8_UP_TIM13_IRQHandler
     /tmp/cc47qELK.s:481    .text.TIM8_UP_TIM13_IRQHandler:0000000c $d
     /tmp/cc47qELK.s:486    .text.TIM5_IRQHandler:00000000 $t
     /tmp/cc47qELK.s:492    .text.TIM5_IRQHandler:00000000 TIM5_IRQHandler
     /tmp/cc47qELK.s:512    .text.TIM5_IRQHandler:0000000c $d

UNDEFINED SYMBOLS
HAL_IncTick
HAL_GPIO_EXTI_IRQHandler
HAL_TIM_IRQHandler
htim1
htim2
htim3
htim4
HAL_UART_IRQHandler
ARM GAS  /tmp/cc47qELK.s 			page 17


huart1
htim8
htim5
